Archive member included to satisfy reference by file (symbol)

/usr/lib/gcc/arm-none-eabi/10.3.1/../../../arm-none-eabi/lib/thumb/v7e-m+fp/hard/libc_nano.a(lib_a-atexit.o)
                              /usr/lib/gcc/arm-none-eabi/10.3.1/../../../arm-none-eabi/lib/thumb/v7e-m+fp/hard/crt0.o (atexit)
/usr/lib/gcc/arm-none-eabi/10.3.1/../../../arm-none-eabi/lib/thumb/v7e-m+fp/hard/libc_nano.a(lib_a-exit.o)
                              /usr/lib/gcc/arm-none-eabi/10.3.1/../../../arm-none-eabi/lib/thumb/v7e-m+fp/hard/crt0.o (exit)
/usr/lib/gcc/arm-none-eabi/10.3.1/../../../arm-none-eabi/lib/thumb/v7e-m+fp/hard/libc_nano.a(lib_a-fini.o)
                              /usr/lib/gcc/arm-none-eabi/10.3.1/../../../arm-none-eabi/lib/thumb/v7e-m+fp/hard/crt0.o (__libc_fini_array)
/usr/lib/gcc/arm-none-eabi/10.3.1/../../../arm-none-eabi/lib/thumb/v7e-m+fp/hard/libc_nano.a(lib_a-impure.o)
                              /usr/lib/gcc/arm-none-eabi/10.3.1/../../../arm-none-eabi/lib/thumb/v7e-m+fp/hard/libc_nano.a(lib_a-exit.o) (_global_impure_ptr)
/usr/lib/gcc/arm-none-eabi/10.3.1/../../../arm-none-eabi/lib/thumb/v7e-m+fp/hard/libc_nano.a(lib_a-init.o)
                              /usr/lib/gcc/arm-none-eabi/10.3.1/../../../arm-none-eabi/lib/thumb/v7e-m+fp/hard/crt0.o (__libc_init_array)
/usr/lib/gcc/arm-none-eabi/10.3.1/../../../arm-none-eabi/lib/thumb/v7e-m+fp/hard/libc_nano.a(lib_a-memset.o)
                              /usr/lib/gcc/arm-none-eabi/10.3.1/../../../arm-none-eabi/lib/thumb/v7e-m+fp/hard/crt0.o (memset)
/usr/lib/gcc/arm-none-eabi/10.3.1/../../../arm-none-eabi/lib/thumb/v7e-m+fp/hard/libc_nano.a(lib_a-__atexit.o)
                              /usr/lib/gcc/arm-none-eabi/10.3.1/../../../arm-none-eabi/lib/thumb/v7e-m+fp/hard/libc_nano.a(lib_a-atexit.o) (__register_exitproc)
/usr/lib/gcc/arm-none-eabi/10.3.1/../../../arm-none-eabi/lib/thumb/v7e-m+fp/hard/libc_nano.a(lib_a-__call_atexit.o)
                              /usr/lib/gcc/arm-none-eabi/10.3.1/../../../arm-none-eabi/lib/thumb/v7e-m+fp/hard/libc_nano.a(lib_a-__atexit.o) (__call_exitprocs)
/usr/lib/gcc/arm-none-eabi/10.3.1/../../../arm-none-eabi/lib/thumb/v7e-m+fp/hard/libnosys.a(_exit.o)
                              /usr/lib/gcc/arm-none-eabi/10.3.1/../../../arm-none-eabi/lib/thumb/v7e-m+fp/hard/libc_nano.a(lib_a-exit.o) (_exit)
Middlewares/ST/ARM/DSP/Lib/iar_cortexM4lf_math.a(arm_cfft_radix4_f32.o)
                              build/AdcDataHandle.o (arm_cfft_radix4_f32)
Middlewares/ST/ARM/DSP/Lib/iar_cortexM4lf_math.a(arm_cfft_radix4_init_f32.o)
                              build/AdcDataHandle.o (arm_cfft_radix4_init_f32)
Middlewares/ST/ARM/DSP/Lib/iar_cortexM4lf_math.a(arm_cmplx_mag_f32.o)
                              build/AdcDataHandle.o (arm_cmplx_mag_f32)
Middlewares/ST/ARM/DSP/Lib/iar_cortexM4lf_math.a(arm_common_tables.o)
                              Middlewares/ST/ARM/DSP/Lib/iar_cortexM4lf_math.a(arm_cfft_radix4_init_f32.o) (armBitRevTable)
Middlewares/ST/ARM/DSP/Lib/iar_cortexM4lf_math.a(arm_bitreversal.o)
                              Middlewares/ST/ARM/DSP/Lib/iar_cortexM4lf_math.a(arm_cfft_radix4_f32.o) (arm_bitreversal_f32)
/usr/lib/gcc/arm-none-eabi/10.3.1/thumb/v7e-m+fp/hard/libgcc.a(_aeabi_uldivmod.o)
                              build/stm32f4xx_hal_rcc.o (__aeabi_uldivmod)
/usr/lib/gcc/arm-none-eabi/10.3.1/thumb/v7e-m+fp/hard/libgcc.a(_udivmoddi4.o)
                              /usr/lib/gcc/arm-none-eabi/10.3.1/thumb/v7e-m+fp/hard/libgcc.a(_aeabi_uldivmod.o) (__udivmoddi4)
/usr/lib/gcc/arm-none-eabi/10.3.1/thumb/v7e-m+fp/hard/libgcc.a(_dvmd_tls.o)
                              /usr/lib/gcc/arm-none-eabi/10.3.1/thumb/v7e-m+fp/hard/libgcc.a(_aeabi_uldivmod.o) (__aeabi_ldiv0)

Discarded input sections

 .text          0x0000000000000000        0x0 /usr/lib/gcc/arm-none-eabi/10.3.1/thumb/v7e-m+fp/hard/crti.o
 .data          0x0000000000000000        0x0 /usr/lib/gcc/arm-none-eabi/10.3.1/thumb/v7e-m+fp/hard/crti.o
 .bss           0x0000000000000000        0x0 /usr/lib/gcc/arm-none-eabi/10.3.1/thumb/v7e-m+fp/hard/crti.o
 .data          0x0000000000000000        0x4 /usr/lib/gcc/arm-none-eabi/10.3.1/thumb/v7e-m+fp/hard/crtbegin.o
 .rodata        0x0000000000000000       0x24 /usr/lib/gcc/arm-none-eabi/10.3.1/thumb/v7e-m+fp/hard/crtbegin.o
 .text          0x0000000000000000       0x70 /usr/lib/gcc/arm-none-eabi/10.3.1/../../../arm-none-eabi/lib/thumb/v7e-m+fp/hard/crt0.o
 .data          0x0000000000000000        0x0 /usr/lib/gcc/arm-none-eabi/10.3.1/../../../arm-none-eabi/lib/thumb/v7e-m+fp/hard/crt0.o
 .bss           0x0000000000000000        0x0 /usr/lib/gcc/arm-none-eabi/10.3.1/../../../arm-none-eabi/lib/thumb/v7e-m+fp/hard/crt0.o
 .ARM.extab     0x0000000000000000        0x0 /usr/lib/gcc/arm-none-eabi/10.3.1/../../../arm-none-eabi/lib/thumb/v7e-m+fp/hard/crt0.o
 .ARM.exidx     0x0000000000000000       0x10 /usr/lib/gcc/arm-none-eabi/10.3.1/../../../arm-none-eabi/lib/thumb/v7e-m+fp/hard/crt0.o
[...]
Memory Configuration

Name             Origin             Length             Attributes
RAM              0x0000000020000000 0x0000000000010000 xrw
FLASH            0x0000000008000000 0x0000000000040000 xr
*default*        0x0000000000000000 0xffffffffffffffff

Linker script and memory map

LOAD /usr/lib/gcc/arm-none-eabi/10.3.1/thumb/v7e-m+fp/hard/crti.o
LOAD /usr/lib/gcc/arm-none-eabi/10.3.1/thumb/v7e-m+fp/hard/crtbegin.o
LOAD /usr/lib/gcc/arm-none-eabi/10.3.1/../../../arm-none-eabi/lib/thumb/v7e-m+fp/hard/crt0.o
LOAD build/main.o
LOAD build/gpio.o
LOAD build/adc.o
LOAD build/dma.o
LOAD build/tim.o
LOAD build/stm32f4xx_it.o
LOAD build/stm32f4xx_hal_msp.o
LOAD build/stm32f4xx_hal_adc.o
LOAD build/stm32f4xx_hal_adc_ex.o
LOAD build/stm32f4xx_ll_adc.o
LOAD build/stm32f4xx_hal_rcc.o
LOAD build/stm32f4xx_hal_rcc_ex.o
LOAD build/stm32f4xx_hal_flash.o
LOAD build/stm32f4xx_hal_flash_ex.o
LOAD build/stm32f4xx_hal_flash_ramfunc.o
LOAD build/stm32f4xx_hal_gpio.o
LOAD build/stm32f4xx_hal_dma_ex.o
LOAD build/stm32f4xx_hal_dma.o
LOAD build/stm32f4xx_hal_pwr.o
LOAD build/stm32f4xx_hal_pwr_ex.o
LOAD build/stm32f4xx_hal_cortex.o
LOAD build/stm32f4xx_hal.o
LOAD build/stm32f4xx_hal_exti.o
LOAD build/stm32f4xx_hal_tim.o
LOAD build/stm32f4xx_hal_tim_ex.o
LOAD build/system_stm32f4xx.o
LOAD build/ServoControl.o
LOAD build/PhotoSensor.o
LOAD build/AdcDataHandle.o
LOAD build/startup_stm32f401xc.o
LOAD /usr/lib/gcc/arm-none-eabi/10.3.1/../../../arm-none-eabi/lib/thumb/v7e-m+fp/hard/libc_nano.a
LOAD /usr/lib/gcc/arm-none-eabi/10.3.1/../../../arm-none-eabi/lib/thumb/v7e-m+fp/hard/libm.a
LOAD /usr/lib/gcc/arm-none-eabi/10.3.1/../../../arm-none-eabi/lib/thumb/v7e-m+fp/hard/libnosys.a
LOAD Middlewares/ST/ARM/DSP/Lib/iar_cortexM4lf_math.a
START GROUP
LOAD /usr/lib/gcc/arm-none-eabi/10.3.1/thumb/v7e-m+fp/hard/libgcc.a
LOAD /usr/lib/gcc/arm-none-eabi/10.3.1/../../../arm-none-eabi/lib/thumb/v7e-m+fp/hard/libc_nano.a
END GROUP
START GROUP
LOAD /usr/lib/gcc/arm-none-eabi/10.3.1/thumb/v7e-m+fp/hard/libgcc.a
LOAD /usr/lib/gcc/arm-none-eabi/10.3.1/../../../arm-none-eabi/lib/thumb/v7e-m+fp/hard/libc_nano.a
END GROUP
LOAD /usr/lib/gcc/arm-none-eabi/10.3.1/thumb/v7e-m+fp/hard/crtend.o
LOAD /usr/lib/gcc/arm-none-eabi/10.3.1/thumb/v7e-m+fp/hard/crtn.o
                0x0000000020010000                _estack = (ORIGIN (RAM) + LENGTH (RAM))
                0x0000000000000200                _Min_Heap_Size = 0x200
                0x0000000000000400                _Min_Stack_Size = 0x400

.isr_vector     0x0000000008000000      0x194
                0x0000000008000000                . = ALIGN (0x4)
 *(.isr_vector)
 .isr_vector    0x0000000008000000      0x194 build/startup_stm32f401xc.o
                0x0000000008000000                g_pfnVectors
                0x0000000008000194                . = ALIGN (0x4)

.text           0x0000000008000194     0x3574
                0x0000000008000194                . = ALIGN (0x4)
 *(.text)
 .text          0x0000000008000194       0x88 /usr/lib/gcc/arm-none-eabi/10.3.1/thumb/v7e-m+fp/hard/crtbegin.o
 .text          0x000000000800021c       0x48 /usr/lib/gcc/arm-none-eabi/10.3.1/../../../arm-none-eabi/lib/thumb/v7e-m+fp/hard/libc_nano.a(lib_a-init.o)
                0x000000000800021c                __libc_init_array
 .text          0x0000000008000264       0xa4 /usr/lib/gcc/arm-none-eabi/10.3.1/../../../arm-none-eabi/lib/thumb/v7e-m+fp/hard/libc_nano.a(lib_a-memset.o)
                0x0000000008000264                memset
 .text          0x0000000008000308      0x72e Middlewares/ST/ARM/DSP/Lib/iar_cortexM4lf_math.a(arm_cfft_radix4_f32.o)
                0x0000000008000308                arm_cfft_radix4_f32
                0x000000000800034c                arm_radix4_butterfly_f32
                0x00000000080006b0                arm_radix4_butterfly_inverse_f32
 *fill*         0x0000000008000a36        0x2 
 .text          0x0000000008000a38       0xb0 Middlewares/ST/ARM/DSP/Lib/iar_cortexM4lf_math.a(arm_cfft_radix4_init_f32.o)
                0x0000000008000a38                arm_cfft_radix4_init_f32
 .text          0x0000000008000ae8      0x158 Middlewares/ST/ARM/DSP/Lib/iar_cortexM4lf_math.a(arm_cmplx_mag_f32.o)
                0x0000000008000ae8                arm_cmplx_mag_f32
 .text          0x0000000008000c40      0x1d0 Middlewares/ST/ARM/DSP/Lib/iar_cortexM4lf_math.a(arm_bitreversal.o)
                0x0000000008000c40                arm_bitreversal_f32
                0x0000000008000d0e                arm_bitreversal_q31
                0x0000000008000da6                arm_bitreversal_q15
 .text          0x0000000008000e10       0x30 /usr/lib/gcc/arm-none-eabi/10.3.1/thumb/v7e-m+fp/hard/libgcc.a(_aeabi_uldivmod.o)
                0x0000000008000e10                __aeabi_uldivmod
 .text          0x0000000008000e40      0x2d0 /usr/lib/gcc/arm-none-eabi/10.3.1/thumb/v7e-m+fp/hard/libgcc.a(_udivmoddi4.o)
                0x0000000008000e40                __udivmoddi4
 .text          0x0000000008001110        0x4 /usr/lib/gcc/arm-none-eabi/10.3.1/thumb/v7e-m+fp/hard/libgcc.a(_dvmd_tls.o)
                0x0000000008001110                __aeabi_ldiv0
                0x0000000008001110                __aeabi_idiv0
 *(.text*)
 .text.PrivateHardWareOpen
                0x0000000008001114        0xc build/main.o
 .text.Error_Handler
                0x0000000008001120        0x4 build/main.o
                0x0000000008001120                Error_Handler
 .text.SystemClock_Config
                0x0000000008001124       0xa4 build/main.o
                0x0000000008001124                SystemClock_Config
 .text.main     0x00000000080011c8       0x24 build/main.o
                0x00000000080011c8                main
 .text.MX_GPIO_Init
                0x00000000080011ec       0x38 build/gpio.o
                0x00000000080011ec                MX_GPIO_Init
 .text.MX_ADC1_Init
                0x0000000008001224      0x10c build/adc.o
                0x0000000008001224                MX_ADC1_Init
 .text.HAL_ADC_MspInit
                0x0000000008001330       0xac build/adc.o
                0x0000000008001330                HAL_ADC_MspInit
 .text.MX_DMA_Init
                0x00000000080013dc       0x34 build/dma.o
                0x00000000080013dc                MX_DMA_Init
 .text.MX_TIM4_Init
                0x0000000008001410       0x70 build/tim.o
                0x0000000008001410                MX_TIM4_Init
 .text.HAL_TIM_Base_MspInit
                0x0000000008001480       0x54 build/tim.o
                0x0000000008001480                HAL_TIM_Base_MspInit
 .text.HAL_TIM_MspPostInit
                0x00000000080014d4       0x5c build/tim.o
                0x00000000080014d4                HAL_TIM_MspPostInit
 .text.MX_TIM1_Init
                0x0000000008001530      0x10c build/tim.o
                0x0000000008001530                MX_TIM1_Init
 .text.NMI_Handler
                0x000000000800163c        0x2 build/stm32f4xx_it.o
                0x000000000800163c                NMI_Handler
 .text.HardFault_Handler
                0x000000000800163e        0x2 build/stm32f4xx_it.o
                0x000000000800163e                HardFault_Handler
 .text.MemManage_Handler
                0x0000000008001640        0x2 build/stm32f4xx_it.o
                0x0000000008001640                MemManage_Handler
 .text.BusFault_Handler
                0x0000000008001642        0x2 build/stm32f4xx_it.o
                0x0000000008001642                BusFault_Handler
 .text.UsageFault_Handler
                0x0000000008001644        0x2 build/stm32f4xx_it.o
                0x0000000008001644                UsageFault_Handler
 .text.SVC_Handler
                0x0000000008001646        0x2 build/stm32f4xx_it.o
                0x0000000008001646                SVC_Handler
 .text.DebugMon_Handler
                0x0000000008001648        0x2 build/stm32f4xx_it.o
                0x0000000008001648                DebugMon_Handler
 .text.PendSV_Handler
                0x000000000800164a        0x2 build/stm32f4xx_it.o
                0x000000000800164a                PendSV_Handler
 .text.SysTick_Handler
                0x000000000800164c        0x8 build/stm32f4xx_it.o
                0x000000000800164c                SysTick_Handler
 .text.DMA2_Stream0_IRQHandler
                0x0000000008001654       0x10 build/stm32f4xx_it.o
                0x0000000008001654                DMA2_Stream0_IRQHandler
 .text.HAL_MspInit
                0x0000000008001664       0x38 build/stm32f4xx_hal_msp.o
                0x0000000008001664                HAL_MspInit
 .text.ADC_Init
                0x000000000800169c      0x134 build/stm32f4xx_hal_adc.o
 .text.HAL_ADC_Init
                0x00000000080017d0       0x56 build/stm32f4xx_hal_adc.o
                0x00000000080017d0                HAL_ADC_Init
 *fill*         0x0000000008001826        0x2 
 .text.HAL_ADC_Start_DMA
                0x0000000008001828      0x164 build/stm32f4xx_hal_adc.o
                0x0000000008001828                HAL_ADC_Start_DMA
 .text.HAL_ADC_Stop_DMA
                0x000000000800198c       0x78 build/stm32f4xx_hal_adc.o
                0x000000000800198c                HAL_ADC_Stop_DMA
 .text.HAL_ADC_ConvCpltCallback
                0x0000000008001a04        0x2 build/stm32f4xx_hal_adc.o
                0x0000000008001a04                HAL_ADC_ConvCpltCallback
 .text.ADC_DMAHalfConvCplt
                0x0000000008001a06        0xa build/stm32f4xx_hal_adc.o
 .text.HAL_ADC_ErrorCallback
                0x0000000008001a10        0x2 build/stm32f4xx_hal_adc.o
                0x0000000008001a10                HAL_ADC_ErrorCallback
 .text.ADC_DMAError
                0x0000000008001a12       0x16 build/stm32f4xx_hal_adc.o
 .text.ADC_DMAConvCplt
                0x0000000008001a28       0x72 build/stm32f4xx_hal_adc.o
 *fill*         0x0000000008001a9a        0x2 
 .text.HAL_ADC_ConfigChannel
                0x0000000008001a9c      0x198 build/stm32f4xx_hal_adc.o
                0x0000000008001a9c                HAL_ADC_ConfigChannel
 .text.HAL_ADCEx_InjectedConfigChannel
                0x0000000008001c34      0x210 build/stm32f4xx_hal_adc_ex.o
                0x0000000008001c34                HAL_ADCEx_InjectedConfigChannel
 .text.HAL_RCC_OscConfig
                0x0000000008001e44      0x3f8 build/stm32f4xx_hal_rcc.o
                0x0000000008001e44                HAL_RCC_OscConfig
 .text.HAL_RCC_GetSysClockFreq
                0x000000000800223c       0xa4 build/stm32f4xx_hal_rcc.o
                0x000000000800223c                HAL_RCC_GetSysClockFreq
 .text.HAL_RCC_ClockConfig
                0x00000000080022e0      0x160 build/stm32f4xx_hal_rcc.o
                0x00000000080022e0                HAL_RCC_ClockConfig
 .text.HAL_GPIO_Init
                0x0000000008002440      0x1c0 build/stm32f4xx_hal_gpio.o
                0x0000000008002440                HAL_GPIO_Init
 .text.DMA_SetConfig
                0x0000000008002600       0x2c build/stm32f4xx_hal_dma.o
 .text.DMA_CalcBaseAndBitshift
                0x000000000800262c       0x44 build/stm32f4xx_hal_dma.o
 .text.DMA_CheckFifoParam
                0x0000000008002670       0x8e build/stm32f4xx_hal_dma.o
 *fill*         0x00000000080026fe        0x2 
 .text.HAL_DMA_Init
                0x0000000008002700       0xcc build/stm32f4xx_hal_dma.o
                0x0000000008002700                HAL_DMA_Init
 .text.HAL_DMA_Start_IT
                0x00000000080027cc       0x6a build/stm32f4xx_hal_dma.o
                0x00000000080027cc                HAL_DMA_Start_IT
 .text.HAL_DMA_Abort
                0x0000000008002836       0x94 build/stm32f4xx_hal_dma.o
                0x0000000008002836                HAL_DMA_Abort
 *fill*         0x00000000080028ca        0x2 
 .text.HAL_DMA_IRQHandler
                0x00000000080028cc      0x1dc build/stm32f4xx_hal_dma.o
                0x00000000080028cc                HAL_DMA_IRQHandler
 .text.HAL_NVIC_SetPriorityGrouping
                0x0000000008002aa8       0x24 build/stm32f4xx_hal_cortex.o
                0x0000000008002aa8                HAL_NVIC_SetPriorityGrouping
 .text.HAL_NVIC_SetPriority
                0x0000000008002acc       0x70 build/stm32f4xx_hal_cortex.o
                0x0000000008002acc                HAL_NVIC_SetPriority
 .text.HAL_NVIC_EnableIRQ
                0x0000000008002b3c       0x1c build/stm32f4xx_hal_cortex.o
                0x0000000008002b3c                HAL_NVIC_EnableIRQ
 .text.HAL_SYSTICK_Config
                0x0000000008002b58       0x28 build/stm32f4xx_hal_cortex.o
                0x0000000008002b58                HAL_SYSTICK_Config
 .text.HAL_InitTick
                0x0000000008002b80       0x4c build/stm32f4xx_hal.o
                0x0000000008002b80                HAL_InitTick
 .text.HAL_Init
                0x0000000008002bcc       0x34 build/stm32f4xx_hal.o
                0x0000000008002bcc                HAL_Init
 .text.HAL_IncTick
                0x0000000008002c00       0x18 build/stm32f4xx_hal.o
                0x0000000008002c00                HAL_IncTick
 .text.HAL_GetTick
                0x0000000008002c18        0xc build/stm32f4xx_hal.o
                0x0000000008002c18                HAL_GetTick
 .text.TIM_OC1_SetConfig
                0x0000000008002c24       0x5c build/stm32f4xx_hal_tim.o
 .text.TIM_OC3_SetConfig
                0x0000000008002c80       0x64 build/stm32f4xx_hal_tim.o
 .text.TIM_OC4_SetConfig
                0x0000000008002ce4       0x48 build/stm32f4xx_hal_tim.o
 .text.TIM_TI1_ConfigInputStage
                0x0000000008002d2c       0x26 build/stm32f4xx_hal_tim.o
 .text.TIM_TI2_ConfigInputStage
                0x0000000008002d52       0x28 build/stm32f4xx_hal_tim.o
 .text.TIM_ITRx_SetConfig
                0x0000000008002d7a       0x10 build/stm32f4xx_hal_tim.o
 .text.HAL_TIM_PWM_MspInit
                0x0000000008002d8a        0x2 build/stm32f4xx_hal_tim.o
                0x0000000008002d8a                HAL_TIM_PWM_MspInit
 .text.TIM_Base_SetConfig
                0x0000000008002d8c       0x9c build/stm32f4xx_hal_tim.o
                0x0000000008002d8c                TIM_Base_SetConfig
 .text.HAL_TIM_Base_Init
                0x0000000008002e28       0x58 build/stm32f4xx_hal_tim.o
                0x0000000008002e28                HAL_TIM_Base_Init
 .text.HAL_TIM_PWM_Init
                0x0000000008002e80       0x58 build/stm32f4xx_hal_tim.o
                0x0000000008002e80                HAL_TIM_PWM_Init
 .text.TIM_OC2_SetConfig
                0x0000000008002ed8       0x64 build/stm32f4xx_hal_tim.o
                0x0000000008002ed8                TIM_OC2_SetConfig
 .text.HAL_TIM_PWM_ConfigChannel
                0x0000000008002f3c       0xdc build/stm32f4xx_hal_tim.o
                0x0000000008002f3c                HAL_TIM_PWM_ConfigChannel
 .text.TIM_ETR_SetConfig
                0x0000000008003018       0x1a build/stm32f4xx_hal_tim.o
                0x0000000008003018                TIM_ETR_SetConfig
 .text.HAL_TIM_ConfigClockSource
                0x0000000008003032       0xfe build/stm32f4xx_hal_tim.o
                0x0000000008003032                HAL_TIM_ConfigClockSource
 .text.TIM_CCxChannelCmd
                0x0000000008003130       0x1e build/stm32f4xx_hal_tim.o
                0x0000000008003130                TIM_CCxChannelCmd
 *fill*         0x000000000800314e        0x2 
 .text.HAL_TIM_PWM_Start
                0x0000000008003150       0xf0 build/stm32f4xx_hal_tim.o
                0x0000000008003150                HAL_TIM_PWM_Start
 .text.HAL_TIMEx_MasterConfigSynchronization
                0x0000000008003240       0x7c build/stm32f4xx_hal_tim_ex.o
                0x0000000008003240                HAL_TIMEx_MasterConfigSynchronization
 .text.HAL_TIMEx_ConfigBreakDeadTime
                0x00000000080032bc       0x52 build/stm32f4xx_hal_tim_ex.o
                0x00000000080032bc                HAL_TIMEx_ConfigBreakDeadTime
 *fill*         0x000000000800330e        0x2 
 .text.SystemInit
                0x0000000008003310       0x14 build/system_stm32f4xx.o
                0x0000000008003310                SystemInit
 .text.ServoControl
                0x0000000008003324       0x78 build/ServoControl.o
                0x0000000008003324                ServoControl
 .text.ServoControlInit
                0x000000000800339c       0x40 build/ServoControl.o
                0x000000000800339c                ServoControlInit
 .text.PhotoSensorAdcStructInit
                0x00000000080033dc       0x24 build/PhotoSensor.o
 .text.PhotoSensorAdcOpen
                0x0000000008003400       0x1c build/PhotoSensor.o
                0x0000000008003400                PhotoSensorAdcOpen
 .text.GetPhotoSensorAdcStruct
                0x000000000800341c        0x8 build/PhotoSensor.o
                0x000000000800341c                GetPhotoSensorAdcStruct
 .text.AdcDataToFourierData
                0x0000000008003424       0xd8 build/AdcDataHandle.o
 .text.GetSpecificValue
                0x00000000080034fc       0x82 build/AdcDataHandle.o
 .text.AdcFilterStructInit
                0x000000000800357e       0x3c build/AdcDataHandle.o
 *fill*         0x00000000080035ba        0x2 
 .text.PhotoSensorFourierTransform
                0x00000000080035bc       0xc8 build/AdcDataHandle.o
 .text.HAL_ADC_ConvHalfCpltCallback
                0x0000000008003684       0x18 build/AdcDataHandle.o
                0x0000000008003684                HAL_ADC_ConvHalfCpltCallback
 .text.Reset_Handler
                0x000000000800369c       0x50 build/startup_stm32f401xc.o
                0x000000000800369c                Reset_Handler
 .text.Default_Handler
                0x00000000080036ec        0x2 build/startup_stm32f401xc.o
                0x00000000080036ec                RTC_Alarm_IRQHandler
                0x00000000080036ec                EXTI2_IRQHandler
                0x00000000080036ec                SPI4_IRQHandler
                0x00000000080036ec                TIM1_CC_IRQHandler
                0x00000000080036ec                DMA2_Stream5_IRQHandler
                0x00000000080036ec                DMA1_Stream5_IRQHandler
                0x00000000080036ec                PVD_IRQHandler
                0x00000000080036ec                SDIO_IRQHandler
                0x00000000080036ec                TAMP_STAMP_IRQHandler
                0x00000000080036ec                EXTI3_IRQHandler
                0x00000000080036ec                TIM1_UP_TIM10_IRQHandler
                0x00000000080036ec                I2C3_ER_IRQHandler
                0x00000000080036ec                EXTI0_IRQHandler
                0x00000000080036ec                I2C2_EV_IRQHandler
                0x00000000080036ec                DMA1_Stream2_IRQHandler
                0x00000000080036ec                FPU_IRQHandler
                0x00000000080036ec                DMA2_Stream2_IRQHandler
                0x00000000080036ec                SPI1_IRQHandler
                0x00000000080036ec                TIM1_BRK_TIM9_IRQHandler
                0x00000000080036ec                DMA2_Stream3_IRQHandler
                0x00000000080036ec                USART6_IRQHandler
                0x00000000080036ec                TIM4_IRQHandler
                0x00000000080036ec                I2C1_EV_IRQHandler
                0x00000000080036ec                DMA1_Stream6_IRQHandler
                0x00000000080036ec                DMA1_Stream1_IRQHandler
                0x00000000080036ec                TIM3_IRQHandler
                0x00000000080036ec                RCC_IRQHandler
                0x00000000080036ec                Default_Handler
                0x00000000080036ec                EXTI15_10_IRQHandler
                0x00000000080036ec                ADC_IRQHandler
                0x00000000080036ec                DMA1_Stream7_IRQHandler
                0x00000000080036ec                TIM5_IRQHandler
                0x00000000080036ec                DMA2_Stream7_IRQHandler
                0x00000000080036ec                I2C3_EV_IRQHandler
                0x00000000080036ec                EXTI9_5_IRQHandler
                0x00000000080036ec                RTC_WKUP_IRQHandler
                0x00000000080036ec                SPI2_IRQHandler
                0x00000000080036ec                DMA1_Stream0_IRQHandler
                0x00000000080036ec                EXTI4_IRQHandler
                0x00000000080036ec                WWDG_IRQHandler
                0x00000000080036ec                TIM2_IRQHandler
                0x00000000080036ec                OTG_FS_WKUP_IRQHandler
                0x00000000080036ec                TIM1_TRG_COM_TIM11_IRQHandler
                0x00000000080036ec                EXTI1_IRQHandler
                0x00000000080036ec                USART2_IRQHandler
                0x00000000080036ec                I2C2_ER_IRQHandler
                0x00000000080036ec                DMA2_Stream1_IRQHandler
                0x00000000080036ec                FLASH_IRQHandler
                0x00000000080036ec                DMA2_Stream4_IRQHandler
                0x00000000080036ec                USART1_IRQHandler
                0x00000000080036ec                OTG_FS_IRQHandler
                0x00000000080036ec                SPI3_IRQHandler
                0x00000000080036ec                DMA1_Stream4_IRQHandler
                0x00000000080036ec                I2C1_ER_IRQHandler
                0x00000000080036ec                DMA2_Stream6_IRQHandler
                0x00000000080036ec                DMA1_Stream3_IRQHandler
 *(.glue_7)
 .glue_7        0x00000000080036ee        0x0 linker stubs
 *(.glue_7t)
 .glue_7t       0x00000000080036ee        0x0 linker stubs
 *(.eh_frame)
 *fill*         0x00000000080036ee        0x2 
 .eh_frame      0x00000000080036f0        0x0 /usr/lib/gcc/arm-none-eabi/10.3.1/thumb/v7e-m+fp/hard/crtbegin.o
 *(.init)
 .init          0x00000000080036f0        0x4 /usr/lib/gcc/arm-none-eabi/10.3.1/thumb/v7e-m+fp/hard/crti.o
                0x00000000080036f0                _init
 .init          0x00000000080036f4        0x8 /usr/lib/gcc/arm-none-eabi/10.3.1/thumb/v7e-m+fp/hard/crtn.o
 *(.fini)
 .fini          0x00000000080036fc        0x4 /usr/lib/gcc/arm-none-eabi/10.3.1/thumb/v7e-m+fp/hard/crti.o
                0x00000000080036fc                _fini
 .fini          0x0000000008003700        0x8 /usr/lib/gcc/arm-none-eabi/10.3.1/thumb/v7e-m+fp/hard/crtn.o
                0x0000000008003708                . = ALIGN (0x4)
                0x0000000008003708                _etext = .

.vfp11_veneer   0x0000000008003708        0x0
 .vfp11_veneer  0x0000000008003708        0x0 linker stubs

.v4_bx          0x0000000008003708        0x0
 .v4_bx         0x0000000008003708        0x0 linker stubs

.iplt           0x0000000008003708        0x0
 .iplt          0x0000000008003708        0x0 /usr/lib/gcc/arm-none-eabi/10.3.1/thumb/v7e-m+fp/hard/crtbegin.o

.rodata         0x0000000008003708     0x8818
                0x0000000008003708                . = ALIGN (0x4)
 *(.rodata)
 .rodata        0x0000000008003708      0x800 Middlewares/ST/ARM/DSP/Lib/iar_cortexM4lf_math.a(arm_common_tables.o)
                0x0000000008003708                armBitRevTable
 .rodata        0x0000000008003f08     0x8000 Middlewares/ST/ARM/DSP/Lib/iar_cortexM4lf_math.a(arm_common_tables.o)
                0x0000000008003f08                twiddleCoef_4096
 *(.rodata*)
 .rodata.flagBitshiftOffset.0
                0x000000000800bf08        0x8 build/stm32f4xx_hal_dma.o
 .rodata.AHBPrescTable
                0x000000000800bf10       0x10 build/system_stm32f4xx.o
                0x000000000800bf10                AHBPrescTable
                0x000000000800bf20                . = ALIGN (0x4)

.ARM.extab
 *(.ARM.extab* .gnu.linkonce.armextab.*)

.ARM            0x000000000800bf20        0x8
                0x000000000800bf20                __exidx_start = .
 *(.ARM.exidx*)
 .ARM.exidx     0x000000000800bf20        0x8 /usr/lib/gcc/arm-none-eabi/10.3.1/thumb/v7e-m+fp/hard/libgcc.a(_udivmoddi4.o)
                0x000000000800bf28                __exidx_end = .

.rel.dyn        0x000000000800bf28        0x0
 .rel.iplt      0x000000000800bf28        0x0 /usr/lib/gcc/arm-none-eabi/10.3.1/thumb/v7e-m+fp/hard/crtbegin.o

.preinit_array  0x000000000800bf28        0x0
                0x000000000800bf28                PROVIDE (__preinit_array_start = .)
 *(.preinit_array*)
                0x000000000800bf28                PROVIDE (__preinit_array_end = .)

.init_array     0x000000000800bf28        0x4
                0x000000000800bf28                PROVIDE (__init_array_start = .)
 *(SORT_BY_NAME(.init_array.*))
 *(.init_array*)
 .init_array    0x000000000800bf28        0x4 /usr/lib/gcc/arm-none-eabi/10.3.1/thumb/v7e-m+fp/hard/crtbegin.o
                0x000000000800bf2c                PROVIDE (__init_array_end = .)

.fini_array     0x000000000800bf2c        0x4
                0x000000000800bf2c                PROVIDE (__fini_array_start = .)
 *(SORT_BY_NAME(.fini_array.*))
 *(.fini_array*)
 .fini_array    0x000000000800bf2c        0x4 /usr/lib/gcc/arm-none-eabi/10.3.1/thumb/v7e-m+fp/hard/crtbegin.o
                0x000000000800bf30                PROVIDE (__fini_array_end = .)
                0x000000000800bf30                _sidata = LOADADDR (.data)

.data           0x0000000020000000        0xc load address 0x000000000800bf30
                0x0000000020000000                . = ALIGN (0x4)
                0x0000000020000000                _sdata = .
 *(.data)
 *(.data*)
 .data.uwTickFreq
                0x0000000020000000        0x1 build/stm32f4xx_hal.o
                0x0000000020000000                uwTickFreq
 *fill*         0x0000000020000001        0x3 
 .data.uwTickPrio
                0x0000000020000004        0x4 build/stm32f4xx_hal.o
                0x0000000020000004                uwTickPrio
 .data.SystemCoreClock
                0x0000000020000008        0x4 build/system_stm32f4xx.o
                0x0000000020000008                SystemCoreClock
                0x000000002000000c                . = ALIGN (0x4)
                0x000000002000000c                _edata = .

.tm_clone_table
                0x000000002000000c        0x0 load address 0x000000000800bf3c
 .tm_clone_table
                0x000000002000000c        0x0 /usr/lib/gcc/arm-none-eabi/10.3.1/thumb/v7e-m+fp/hard/crtbegin.o
 .tm_clone_table
                0x000000002000000c        0x0 /usr/lib/gcc/arm-none-eabi/10.3.1/thumb/v7e-m+fp/hard/crtend.o

.igot.plt       0x000000002000000c        0x0 load address 0x000000000800bf3c
 .igot.plt      0x000000002000000c        0x0 /usr/lib/gcc/arm-none-eabi/10.3.1/thumb/v7e-m+fp/hard/crtbegin.o
                0x000000002000000c                . = ALIGN (0x4)

.bss            0x000000002000000c     0x31bc load address 0x000000000800bf3c
                0x000000002000000c                _sbss = .
                0x000000002000000c                __bss_start__ = _sbss
 *(.bss)
 .bss           0x000000002000000c       0x1c /usr/lib/gcc/arm-none-eabi/10.3.1/thumb/v7e-m+fp/hard/crtbegin.o
 *(.bss*)
 .bss.hadc1     0x0000000020000028       0x48 build/adc.o
                0x0000000020000028                hadc1
 .bss.hdma_adc1
                0x0000000020000070       0x60 build/adc.o
                0x0000000020000070                hdma_adc1
 .bss.htim1     0x00000000200000d0       0x48 build/tim.o
                0x00000000200000d0                htim1
 .bss.htim4     0x0000000020000118       0x48 build/tim.o
                0x0000000020000118                htim4
 .bss.uwTick    0x0000000020000160        0x4 build/stm32f4xx_hal.o
                0x0000000020000160                uwTick
 .bss.PhotoSensorAdc
                0x0000000020000164      0xc08 build/PhotoSensor.o
                0x0000000020000164                PhotoSensorAdc
 .bss.AdcfilterValue
                0x0000000020000d6c     0x245c build/AdcDataHandle.o
                0x0000000020000d6c                AdcfilterValue
 *(COMMON)
                0x00000000200031c8                . = ALIGN (0x4)
                0x00000000200031c8                _ebss = .
                0x00000000200031c8                __bss_end__ = _ebss

._user_heap_stack
                0x00000000200031c8      0x600 load address 0x000000000800bf3c
                0x00000000200031c8                . = ALIGN (0x8)
                [!provide]                        PROVIDE (end = .)
                [!provide]                        PROVIDE (_end = .)
                0x00000000200033c8                . = (. + _Min_Heap_Size)
 *fill*         0x00000000200031c8      0x200 
                0x00000000200037c8                . = (. + _Min_Stack_Size)
 *fill*         0x00000000200033c8      0x400 
                0x00000000200037c8                . = ALIGN (0x8)

/DISCARD/
 libc.a(*)
 libm.a(*)
 libgcc.a(*)

.ARM.attributes
                0x0000000000000000       0x34
 *(.ARM.attributes)
 .ARM.attributes
                0x0000000000000000       0x1e /usr/lib/gcc/arm-none-eabi/10.3.1/thumb/v7e-m+fp/hard/crti.o
 .ARM.attributes
                0x000000000000001e       0x34 /usr/lib/gcc/arm-none-eabi/10.3.1/thumb/v7e-m+fp/hard/crtbegin.o
 .ARM.attributes
                0x0000000000000052       0x34 build/main.o
 .ARM.attributes
                0x0000000000000086       0x34 build/gpio.o
 .ARM.attributes
                0x00000000000000ba       0x34 build/adc.o
 .ARM.attributes
                0x00000000000000ee       0x34 build/dma.o
 .ARM.attributes
                0x0000000000000122       0x34 build/tim.o
 .ARM.attributes
                0x0000000000000156       0x34 build/stm32f4xx_it.o
 .ARM.attributes
                0x000000000000018a       0x34 build/stm32f4xx_hal_msp.o
 .ARM.attributes
                0x00000000000001be       0x34 build/stm32f4xx_hal_adc.o
 .ARM.attributes
                0x00000000000001f2       0x34 build/stm32f4xx_hal_adc_ex.o
 .ARM.attributes
                0x0000000000000226       0x34 build/stm32f4xx_hal_rcc.o
 .ARM.attributes
                0x000000000000025a       0x34 build/stm32f4xx_hal_gpio.o
 .ARM.attributes
                0x000000000000028e       0x34 build/stm32f4xx_hal_dma.o
 .ARM.attributes
                0x00000000000002c2       0x34 build/stm32f4xx_hal_cortex.o
 .ARM.attributes
                0x00000000000002f6       0x34 build/stm32f4xx_hal.o
 .ARM.attributes
                0x000000000000032a       0x34 build/stm32f4xx_hal_tim.o
 .ARM.attributes
                0x000000000000035e       0x34 build/stm32f4xx_hal_tim_ex.o
 .ARM.attributes
                0x0000000000000392       0x34 build/system_stm32f4xx.o
 .ARM.attributes
                0x00000000000003c6       0x34 build/ServoControl.o
 .ARM.attributes
                0x00000000000003fa       0x34 build/PhotoSensor.o
 .ARM.attributes
                0x000000000000042e       0x34 build/AdcDataHandle.o
 .ARM.attributes
                0x0000000000000462       0x21 build/startup_stm32f401xc.o
 .ARM.attributes
                0x0000000000000483       0x34 /usr/lib/gcc/arm-none-eabi/10.3.1/../../../arm-none-eabi/lib/thumb/v7e-m+fp/hard/libc_nano.a(lib_a-init.o)
 .ARM.attributes
                0x00000000000004b7       0x34 /usr/lib/gcc/arm-none-eabi/10.3.1/../../../arm-none-eabi/lib/thumb/v7e-m+fp/hard/libc_nano.a(lib_a-memset.o)
 .ARM.attributes
                0x00000000000004eb       0x58 Middlewares/ST/ARM/DSP/Lib/iar_cortexM4lf_math.a(arm_cfft_radix4_f32.o)
 .ARM.attributes
                0x0000000000000543       0x56 Middlewares/ST/ARM/DSP/Lib/iar_cortexM4lf_math.a(arm_cfft_radix4_init_f32.o)
 .ARM.attributes
                0x0000000000000599       0x58 Middlewares/ST/ARM/DSP/Lib/iar_cortexM4lf_math.a(arm_cmplx_mag_f32.o)
 .ARM.attributes
                0x00000000000005f1       0x54 Middlewares/ST/ARM/DSP/Lib/iar_cortexM4lf_math.a(arm_common_tables.o)
 .ARM.attributes
                0x0000000000000645       0x58 Middlewares/ST/ARM/DSP/Lib/iar_cortexM4lf_math.a(arm_bitreversal.o)
 .ARM.attributes
                0x000000000000069d       0x1e /usr/lib/gcc/arm-none-eabi/10.3.1/thumb/v7e-m+fp/hard/libgcc.a(_aeabi_uldivmod.o)
 .ARM.attributes
                0x00000000000006bb       0x34 /usr/lib/gcc/arm-none-eabi/10.3.1/thumb/v7e-m+fp/hard/libgcc.a(_udivmoddi4.o)
 .ARM.attributes
                0x00000000000006ef       0x1e /usr/lib/gcc/arm-none-eabi/10.3.1/thumb/v7e-m+fp/hard/libgcc.a(_dvmd_tls.o)
 .ARM.attributes
                0x000000000000070d       0x32 /usr/lib/gcc/arm-none-eabi/10.3.1/thumb/v7e-m+fp/hard/crtend.o
 .ARM.attributes
                0x000000000000073f       0x1e /usr/lib/gcc/arm-none-eabi/10.3.1/thumb/v7e-m+fp/hard/crtn.o
OUTPUT(build/Missile_0.2.elf elf32-littlearm)
LOAD linker stubs
LOAD /usr/lib/gcc/arm-none-eabi/10.3.1/../../../arm-none-eabi/lib/thumb/v7e-m+fp/hard/libc.a
LOAD /usr/lib/gcc/arm-none-eabi/10.3.1/../../../arm-none-eabi/lib/thumb/v7e-m+fp/hard/libm.a
LOAD /usr/lib/gcc/arm-none-eabi/10.3.1/thumb/v7e-m+fp/hard/libgcc.a

.comment        0x0000000000000000     0x1030
 .comment       0x0000000000000000       0x33 /usr/lib/gcc/arm-none-eabi/10.3.1/thumb/v7e-m+fp/hard/crtbegin.o
                                         0x34 (size before relaxing)
 .comment       0x0000000000000033       0x34 build/main.o
 .comment       0x0000000000000033       0x34 build/gpio.o
 .comment       0x0000000000000033       0x34 build/adc.o
 .comment       0x0000000000000033       0x34 build/dma.o
 .comment       0x0000000000000033       0x34 build/tim.o
 .comment       0x0000000000000033       0x34 build/stm32f4xx_it.o
 .comment       0x0000000000000033       0x34 build/stm32f4xx_hal_msp.o
 .comment       0x0000000000000033       0x34 build/stm32f4xx_hal_adc.o
 .comment       0x0000000000000033       0x34 build/stm32f4xx_hal_adc_ex.o
 .comment       0x0000000000000033       0x34 build/stm32f4xx_hal_rcc.o
 .comment       0x0000000000000033       0x34 build/stm32f4xx_hal_gpio.o
 .comment       0x0000000000000033       0x34 build/stm32f4xx_hal_dma.o
 .comment       0x0000000000000033       0x34 build/stm32f4xx_hal_cortex.o
 .comment       0x0000000000000033       0x34 build/stm32f4xx_hal.o
 .comment       0x0000000000000033       0x34 build/stm32f4xx_hal_tim.o
 .comment       0x0000000000000033       0x34 build/stm32f4xx_hal_tim_ex.o
 .comment       0x0000000000000033       0x34 build/system_stm32f4xx.o
 .comment       0x0000000000000033       0x34 build/ServoControl.o
 .comment       0x0000000000000033       0x34 build/PhotoSensor.o
 .comment       0x0000000000000033       0x34 build/AdcDataHandle.o
 .comment       0x0000000000000033       0x34 /usr/lib/gcc/arm-none-eabi/10.3.1/../../../arm-none-eabi/lib/thumb/v7e-m+fp/hard/libc_nano.a(lib_a-init.o)
 .comment       0x0000000000000033       0x34 /usr/lib/gcc/arm-none-eabi/10.3.1/../../../arm-none-eabi/lib/thumb/v7e-m+fp/hard/libc_nano.a(lib_a-memset.o)
 .comment       0x0000000000000033      0x334 Middlewares/ST/ARM/DSP/Lib/iar_cortexM4lf_math.a(arm_cfft_radix4_f32.o)
 .comment       0x0000000000000367      0x339 Middlewares/ST/ARM/DSP/Lib/iar_cortexM4lf_math.a(arm_cfft_radix4_init_f32.o)
 .comment       0x00000000000006a0      0x334 Middlewares/ST/ARM/DSP/Lib/iar_cortexM4lf_math.a(arm_cmplx_mag_f32.o)
 .comment       0x00000000000009d4      0x32c Middlewares/ST/ARM/DSP/Lib/iar_cortexM4lf_math.a(arm_common_tables.o)
 .comment       0x0000000000000d00      0x330 Middlewares/ST/ARM/DSP/Lib/iar_cortexM4lf_math.a(arm_bitreversal.o)
 .comment       0x0000000000001030       0x34 /usr/lib/gcc/arm-none-eabi/10.3.1/thumb/v7e-m+fp/hard/libgcc.a(_udivmoddi4.o)
 .comment       0x0000000000001030       0x34 /usr/lib/gcc/arm-none-eabi/10.3.1/thumb/v7e-m+fp/hard/crtend.o

.iar.rtmodel    0x0000000000000000       0xbe
 .iar.rtmodel   0x0000000000000000       0x26 Middlewares/ST/ARM/DSP/Lib/iar_cortexM4lf_math.a(arm_cfft_radix4_f32.o)
 .iar.rtmodel   0x0000000000000026       0x26 Middlewares/ST/ARM/DSP/Lib/iar_cortexM4lf_math.a(arm_cfft_radix4_init_f32.o)
 .iar.rtmodel   0x000000000000004c       0x26 Middlewares/ST/ARM/DSP/Lib/iar_cortexM4lf_math.a(arm_cmplx_mag_f32.o)
 .iar.rtmodel   0x0000000000000072       0x26 Middlewares/ST/ARM/DSP/Lib/iar_cortexM4lf_math.a(arm_common_tables.o)
 .iar.rtmodel   0x0000000000000098       0x26 Middlewares/ST/ARM/DSP/Lib/iar_cortexM4lf_math.a(arm_bitreversal.o)

.iar_vfe_header
                0x0000000000000000       0x14
 .iar_vfe_header
                0x0000000000000000        0x4 Middlewares/ST/ARM/DSP/Lib/iar_cortexM4lf_math.a(arm_cfft_radix4_f32.o)
 .iar_vfe_header
                0x0000000000000004        0x4 Middlewares/ST/ARM/DSP/Lib/iar_cortexM4lf_math.a(arm_cfft_radix4_init_f32.o)
 .iar_vfe_header
                0x0000000000000008        0x4 Middlewares/ST/ARM/DSP/Lib/iar_cortexM4lf_math.a(arm_cmplx_mag_f32.o)
 .iar_vfe_header
                0x000000000000000c        0x4 Middlewares/ST/ARM/DSP/Lib/iar_cortexM4lf_math.a(arm_common_tables.o)
 .iar_vfe_header
                0x0000000000000010        0x4 Middlewares/ST/ARM/DSP/Lib/iar_cortexM4lf_math.a(arm_bitreversal.o)

.iar.stackusage
                0x0000000000000000        0x0
 .iar.stackusage
                0x0000000000000000        0x0 Middlewares/ST/ARM/DSP/Lib/iar_cortexM4lf_math.a(arm_common_tables.o)

.debug_info     0x0000000000000000    0x17a35
 .debug_info    0x0000000000000000      0x6d2 build/main.o
 .debug_info    0x00000000000006d2      0x311 build/gpio.o
 .debug_info    0x00000000000009e3      0xd8f build/adc.o
 .debug_info    0x0000000000001772      0x4d7 build/dma.o
 .debug_info    0x0000000000001c49     0x102a build/tim.o
 .debug_info    0x0000000000002c73      0x45d build/stm32f4xx_it.o
 .debug_info    0x00000000000030d0      0x311 build/stm32f4xx_hal_msp.o
 .debug_info    0x00000000000033e1      0xfde build/stm32f4xx_hal_adc.o
 .debug_info    0x00000000000043bf      0xd81 build/stm32f4xx_hal_adc_ex.o
 .debug_info    0x0000000000005140      0xbe2 build/stm32f4xx_hal_rcc.o
 .debug_info    0x0000000000005d22      0x84e build/stm32f4xx_hal_gpio.o
 .debug_info    0x0000000000006570      0xbb1 build/stm32f4xx_hal_dma.o
 .debug_info    0x0000000000007121     0x10ba build/stm32f4xx_hal_cortex.o
 .debug_info    0x00000000000081db      0xa53 build/stm32f4xx_hal.o
 .debug_info    0x0000000000008c2e     0x4041 build/stm32f4xx_hal_tim.o
 .debug_info    0x000000000000cc6f     0x1c4a build/stm32f4xx_hal_tim_ex.o
 .debug_info    0x000000000000e8b9      0x5cd build/system_stm32f4xx.o
 .debug_info    0x000000000000ee86      0x826 build/ServoControl.o
 .debug_info    0x000000000000f6ac      0x784 build/PhotoSensor.o
 .debug_info    0x000000000000fe30      0xc63 build/AdcDataHandle.o
 .debug_info    0x0000000000010a93       0x22 build/startup_stm32f401xc.o
 .debug_info    0x0000000000010ab5      0x11a /usr/lib/gcc/arm-none-eabi/10.3.1/../../../arm-none-eabi/lib/thumb/v7e-m+fp/hard/libc_nano.a(lib_a-init.o)
 .debug_info    0x0000000000010bcf      0x137 /usr/lib/gcc/arm-none-eabi/10.3.1/../../../arm-none-eabi/lib/thumb/v7e-m+fp/hard/libc_nano.a(lib_a-memset.o)
 .debug_info    0x0000000000010d06      0x20d Middlewares/ST/ARM/DSP/Lib/iar_cortexM4lf_math.a(arm_cfft_radix4_f32.o)
 .debug_info    0x0000000000010f13       0xfc Middlewares/ST/ARM/DSP/Lib/iar_cortexM4lf_math.a(arm_cfft_radix4_f32.o)
 .debug_info    0x000000000001100f      0x532 Middlewares/ST/ARM/DSP/Lib/iar_cortexM4lf_math.a(arm_cfft_radix4_f32.o)
 .debug_info    0x0000000000011541      0x5a7 Middlewares/ST/ARM/DSP/Lib/iar_cortexM4lf_math.a(arm_cfft_radix4_f32.o)
 .debug_info    0x0000000000011ae8      0x2b6 Middlewares/ST/ARM/DSP/Lib/iar_cortexM4lf_math.a(arm_cfft_radix4_init_f32.o)
 .debug_info    0x0000000000011d9e      0x153 Middlewares/ST/ARM/DSP/Lib/iar_cortexM4lf_math.a(arm_cfft_radix4_init_f32.o)
 .debug_info    0x0000000000011ef1      0x1b8 Middlewares/ST/ARM/DSP/Lib/iar_cortexM4lf_math.a(arm_cmplx_mag_f32.o)
 .debug_info    0x00000000000120a9      0x21d Middlewares/ST/ARM/DSP/Lib/iar_cortexM4lf_math.a(arm_cmplx_mag_f32.o)
 .debug_info    0x00000000000122c6       0xde Middlewares/ST/ARM/DSP/Lib/iar_cortexM4lf_math.a(arm_cmplx_mag_f32.o)
 .debug_info    0x00000000000123a4      0x5b4 Middlewares/ST/ARM/DSP/Lib/iar_cortexM4lf_math.a(arm_common_tables.o)
 .debug_info    0x0000000000012958       0xbe Middlewares/ST/ARM/DSP/Lib/iar_cortexM4lf_math.a(arm_common_tables.o)
 .debug_info    0x0000000000012a16       0xbf Middlewares/ST/ARM/DSP/Lib/iar_cortexM4lf_math.a(arm_common_tables.o)
 .debug_info    0x0000000000012ad5       0xbe Middlewares/ST/ARM/DSP/Lib/iar_cortexM4lf_math.a(arm_common_tables.o)
 .debug_info    0x0000000000012b93       0xbf Middlewares/ST/ARM/DSP/Lib/iar_cortexM4lf_math.a(arm_common_tables.o)
 .debug_info    0x0000000000012c52       0xbe Middlewares/ST/ARM/DSP/Lib/iar_cortexM4lf_math.a(arm_common_tables.o)
 .debug_info    0x0000000000012d10       0xbf Middlewares/ST/ARM/DSP/Lib/iar_cortexM4lf_math.a(arm_common_tables.o)
 .debug_info    0x0000000000012dcf       0xbe Middlewares/ST/ARM/DSP/Lib/iar_cortexM4lf_math.a(arm_common_tables.o)
 .debug_info    0x0000000000012e8d       0xbf Middlewares/ST/ARM/DSP/Lib/iar_cortexM4lf_math.a(arm_common_tables.o)
 .debug_info    0x0000000000012f4c       0xbb Middlewares/ST/ARM/DSP/Lib/iar_cortexM4lf_math.a(arm_common_tables.o)
 .debug_info    0x0000000000013007       0xbc Middlewares/ST/ARM/DSP/Lib/iar_cortexM4lf_math.a(arm_common_tables.o)
 .debug_info    0x00000000000130c3       0xbb Middlewares/ST/ARM/DSP/Lib/iar_cortexM4lf_math.a(arm_common_tables.o)
 .debug_info    0x000000000001317e       0xbc Middlewares/ST/ARM/DSP/Lib/iar_cortexM4lf_math.a(arm_common_tables.o)
 .debug_info    0x000000000001323a       0xc6 Middlewares/ST/ARM/DSP/Lib/iar_cortexM4lf_math.a(arm_common_tables.o)
 .debug_info    0x0000000000013300       0xc5 Middlewares/ST/ARM/DSP/Lib/iar_cortexM4lf_math.a(arm_common_tables.o)
 .debug_info    0x00000000000133c5       0xc4 Middlewares/ST/ARM/DSP/Lib/iar_cortexM4lf_math.a(arm_common_tables.o)
 .debug_info    0x0000000000013489       0xc7 Middlewares/ST/ARM/DSP/Lib/iar_cortexM4lf_math.a(arm_common_tables.o)
 .debug_info    0x0000000000013550       0xc5 Middlewares/ST/ARM/DSP/Lib/iar_cortexM4lf_math.a(arm_common_tables.o)
 .debug_info    0x0000000000013615       0xc4 Middlewares/ST/ARM/DSP/Lib/iar_cortexM4lf_math.a(arm_common_tables.o)
 .debug_info    0x00000000000136d9       0xc7 Middlewares/ST/ARM/DSP/Lib/iar_cortexM4lf_math.a(arm_common_tables.o)
 .debug_info    0x00000000000137a0       0xc5 Middlewares/ST/ARM/DSP/Lib/iar_cortexM4lf_math.a(arm_common_tables.o)
 .debug_info    0x0000000000013865       0xc4 Middlewares/ST/ARM/DSP/Lib/iar_cortexM4lf_math.a(arm_common_tables.o)
 .debug_info    0x0000000000013929       0xce Middlewares/ST/ARM/DSP/Lib/iar_cortexM4lf_math.a(arm_common_tables.o)
 .debug_info    0x00000000000139f7       0xcd Middlewares/ST/ARM/DSP/Lib/iar_cortexM4lf_math.a(arm_common_tables.o)
 .debug_info    0x0000000000013ac4       0xcc Middlewares/ST/ARM/DSP/Lib/iar_cortexM4lf_math.a(arm_common_tables.o)
 .debug_info    0x0000000000013b90       0xce Middlewares/ST/ARM/DSP/Lib/iar_cortexM4lf_math.a(arm_common_tables.o)
 .debug_info    0x0000000000013c5e       0xcd Middlewares/ST/ARM/DSP/Lib/iar_cortexM4lf_math.a(arm_common_tables.o)
 .debug_info    0x0000000000013d2b       0xcc Middlewares/ST/ARM/DSP/Lib/iar_cortexM4lf_math.a(arm_common_tables.o)
 .debug_info    0x0000000000013df7       0xce Middlewares/ST/ARM/DSP/Lib/iar_cortexM4lf_math.a(arm_common_tables.o)
 .debug_info    0x0000000000013ec5       0xcd Middlewares/ST/ARM/DSP/Lib/iar_cortexM4lf_math.a(arm_common_tables.o)
 .debug_info    0x0000000000013f92       0xcc Middlewares/ST/ARM/DSP/Lib/iar_cortexM4lf_math.a(arm_common_tables.o)
 .debug_info    0x000000000001405e       0xbc Middlewares/ST/ARM/DSP/Lib/iar_cortexM4lf_math.a(arm_common_tables.o)
 .debug_info    0x000000000001411a       0xc0 Middlewares/ST/ARM/DSP/Lib/iar_cortexM4lf_math.a(arm_common_tables.o)
 .debug_info    0x00000000000141da       0xc0 Middlewares/ST/ARM/DSP/Lib/iar_cortexM4lf_math.a(arm_common_tables.o)
 .debug_info    0x000000000001429a       0xc2 Middlewares/ST/ARM/DSP/Lib/iar_cortexM4lf_math.a(arm_common_tables.o)
 .debug_info    0x000000000001435c       0xc3 Middlewares/ST/ARM/DSP/Lib/iar_cortexM4lf_math.a(arm_common_tables.o)
 .debug_info    0x000000000001441f       0xc2 Middlewares/ST/ARM/DSP/Lib/iar_cortexM4lf_math.a(arm_common_tables.o)
 .debug_info    0x00000000000144e1       0xc3 Middlewares/ST/ARM/DSP/Lib/iar_cortexM4lf_math.a(arm_common_tables.o)
 .debug_info    0x00000000000145a4       0xc2 Middlewares/ST/ARM/DSP/Lib/iar_cortexM4lf_math.a(arm_common_tables.o)
 .debug_info    0x0000000000014666       0xc3 Middlewares/ST/ARM/DSP/Lib/iar_cortexM4lf_math.a(arm_common_tables.o)
 .debug_info    0x0000000000014729       0xc2 Middlewares/ST/ARM/DSP/Lib/iar_cortexM4lf_math.a(arm_common_tables.o)
 .debug_info    0x00000000000147eb       0xc3 Middlewares/ST/ARM/DSP/Lib/iar_cortexM4lf_math.a(arm_common_tables.o)
 .debug_info    0x00000000000148ae       0xbf Middlewares/ST/ARM/DSP/Lib/iar_cortexM4lf_math.a(arm_common_tables.o)
 .debug_info    0x000000000001496d       0xc0 Middlewares/ST/ARM/DSP/Lib/iar_cortexM4lf_math.a(arm_common_tables.o)
 .debug_info    0x0000000000014a2d       0xbf Middlewares/ST/ARM/DSP/Lib/iar_cortexM4lf_math.a(arm_common_tables.o)
 .debug_info    0x0000000000014aec       0xc0 Middlewares/ST/ARM/DSP/Lib/iar_cortexM4lf_math.a(arm_common_tables.o)
 .debug_info    0x0000000000014bac       0xb9 Middlewares/ST/ARM/DSP/Lib/iar_cortexM4lf_math.a(arm_common_tables.o)
 .debug_info    0x0000000000014c65       0xbc Middlewares/ST/ARM/DSP/Lib/iar_cortexM4lf_math.a(arm_common_tables.o)
 .debug_info    0x0000000000014d21       0xbc Middlewares/ST/ARM/DSP/Lib/iar_cortexM4lf_math.a(arm_common_tables.o)
 .debug_info    0x0000000000014ddd       0xb9 Middlewares/ST/ARM/DSP/Lib/iar_cortexM4lf_math.a(arm_common_tables.o)
 .debug_info    0x0000000000014e96       0xbc Middlewares/ST/ARM/DSP/Lib/iar_cortexM4lf_math.a(arm_common_tables.o)
 .debug_info    0x0000000000014f52       0xbc Middlewares/ST/ARM/DSP/Lib/iar_cortexM4lf_math.a(arm_common_tables.o)
 .debug_info    0x000000000001500e       0xbc Middlewares/ST/ARM/DSP/Lib/iar_cortexM4lf_math.a(arm_common_tables.o)
 .debug_info    0x00000000000150ca       0xbc Middlewares/ST/ARM/DSP/Lib/iar_cortexM4lf_math.a(arm_common_tables.o)
 .debug_info    0x0000000000015186       0xbc Middlewares/ST/ARM/DSP/Lib/iar_cortexM4lf_math.a(arm_common_tables.o)
 .debug_info    0x0000000000015242       0xbf Middlewares/ST/ARM/DSP/Lib/iar_cortexM4lf_math.a(arm_common_tables.o)
 .debug_info    0x0000000000015301       0xc3 Middlewares/ST/ARM/DSP/Lib/iar_cortexM4lf_math.a(arm_common_tables.o)
 .debug_info    0x00000000000153c4       0xc3 Middlewares/ST/ARM/DSP/Lib/iar_cortexM4lf_math.a(arm_common_tables.o)
 .debug_info    0x0000000000015487       0xbe Middlewares/ST/ARM/DSP/Lib/iar_cortexM4lf_math.a(arm_common_tables.o)
 .debug_info    0x0000000000015545       0xc2 Middlewares/ST/ARM/DSP/Lib/iar_cortexM4lf_math.a(arm_common_tables.o)
 .debug_info    0x0000000000015607       0xc2 Middlewares/ST/ARM/DSP/Lib/iar_cortexM4lf_math.a(arm_common_tables.o)
 .debug_info    0x00000000000156c9       0xbd Middlewares/ST/ARM/DSP/Lib/iar_cortexM4lf_math.a(arm_common_tables.o)
 .debug_info    0x0000000000015786       0xc1 Middlewares/ST/ARM/DSP/Lib/iar_cortexM4lf_math.a(arm_common_tables.o)
 .debug_info    0x0000000000015847       0xc1 Middlewares/ST/ARM/DSP/Lib/iar_cortexM4lf_math.a(arm_common_tables.o)
 .debug_info    0x0000000000015908       0xbf Middlewares/ST/ARM/DSP/Lib/iar_cortexM4lf_math.a(arm_common_tables.o)
 .debug_info    0x00000000000159c7       0xc3 Middlewares/ST/ARM/DSP/Lib/iar_cortexM4lf_math.a(arm_common_tables.o)
 .debug_info    0x0000000000015a8a       0xc3 Middlewares/ST/ARM/DSP/Lib/iar_cortexM4lf_math.a(arm_common_tables.o)
 .debug_info    0x0000000000015b4d       0xbe Middlewares/ST/ARM/DSP/Lib/iar_cortexM4lf_math.a(arm_common_tables.o)
 .debug_info    0x0000000000015c0b       0xc2 Middlewares/ST/ARM/DSP/Lib/iar_cortexM4lf_math.a(arm_common_tables.o)
 .debug_info    0x0000000000015ccd       0xc2 Middlewares/ST/ARM/DSP/Lib/iar_cortexM4lf_math.a(arm_common_tables.o)
 .debug_info    0x0000000000015d8f       0xbd Middlewares/ST/ARM/DSP/Lib/iar_cortexM4lf_math.a(arm_common_tables.o)
 .debug_info    0x0000000000015e4c       0xc1 Middlewares/ST/ARM/DSP/Lib/iar_cortexM4lf_math.a(arm_common_tables.o)
 .debug_info    0x0000000000015f0d       0xc1 Middlewares/ST/ARM/DSP/Lib/iar_cortexM4lf_math.a(arm_common_tables.o)
 .debug_info    0x0000000000015fce       0xbf Middlewares/ST/ARM/DSP/Lib/iar_cortexM4lf_math.a(arm_common_tables.o)
 .debug_info    0x000000000001608d       0xc3 Middlewares/ST/ARM/DSP/Lib/iar_cortexM4lf_math.a(arm_common_tables.o)
 .debug_info    0x0000000000016150       0xc3 Middlewares/ST/ARM/DSP/Lib/iar_cortexM4lf_math.a(arm_common_tables.o)
 .debug_info    0x0000000000016213       0xbe Middlewares/ST/ARM/DSP/Lib/iar_cortexM4lf_math.a(arm_common_tables.o)
 .debug_info    0x00000000000162d1       0xc2 Middlewares/ST/ARM/DSP/Lib/iar_cortexM4lf_math.a(arm_common_tables.o)
 .debug_info    0x0000000000016393       0xc2 Middlewares/ST/ARM/DSP/Lib/iar_cortexM4lf_math.a(arm_common_tables.o)
 .debug_info    0x0000000000016455       0xbd Middlewares/ST/ARM/DSP/Lib/iar_cortexM4lf_math.a(arm_common_tables.o)
 .debug_info    0x0000000000016512       0xc1 Middlewares/ST/ARM/DSP/Lib/iar_cortexM4lf_math.a(arm_common_tables.o)
 .debug_info    0x00000000000165d3       0xc1 Middlewares/ST/ARM/DSP/Lib/iar_cortexM4lf_math.a(arm_common_tables.o)
 .debug_info    0x0000000000016694       0xc5 Middlewares/ST/ARM/DSP/Lib/iar_cortexM4lf_math.a(arm_common_tables.o)
 .debug_info    0x0000000000016759       0xc4 Middlewares/ST/ARM/DSP/Lib/iar_cortexM4lf_math.a(arm_common_tables.o)
 .debug_info    0x000000000001681d       0xc5 Middlewares/ST/ARM/DSP/Lib/iar_cortexM4lf_math.a(arm_common_tables.o)
 .debug_info    0x00000000000168e2       0xc4 Middlewares/ST/ARM/DSP/Lib/iar_cortexM4lf_math.a(arm_common_tables.o)
 .debug_info    0x00000000000169a6       0xc3 Middlewares/ST/ARM/DSP/Lib/iar_cortexM4lf_math.a(arm_common_tables.o)
 .debug_info    0x0000000000016a69       0xc5 Middlewares/ST/ARM/DSP/Lib/iar_cortexM4lf_math.a(arm_common_tables.o)
 .debug_info    0x0000000000016b2e       0xc4 Middlewares/ST/ARM/DSP/Lib/iar_cortexM4lf_math.a(arm_common_tables.o)
 .debug_info    0x0000000000016bf2       0xc3 Middlewares/ST/ARM/DSP/Lib/iar_cortexM4lf_math.a(arm_common_tables.o)
 .debug_info    0x0000000000016cb5      0x15e Middlewares/ST/ARM/DSP/Lib/iar_cortexM4lf_math.a(arm_bitreversal.o)
 .debug_info    0x0000000000016e13      0x18a Middlewares/ST/ARM/DSP/Lib/iar_cortexM4lf_math.a(arm_bitreversal.o)
 .debug_info    0x0000000000016f9d      0x18d Middlewares/ST/ARM/DSP/Lib/iar_cortexM4lf_math.a(arm_bitreversal.o)
 .debug_info    0x000000000001712a      0x1a8 Middlewares/ST/ARM/DSP/Lib/iar_cortexM4lf_math.a(arm_bitreversal.o)
 .debug_info    0x00000000000172d2       0x26 /usr/lib/gcc/arm-none-eabi/10.3.1/thumb/v7e-m+fp/hard/libgcc.a(_aeabi_uldivmod.o)
 .debug_info    0x00000000000172f8      0x717 /usr/lib/gcc/arm-none-eabi/10.3.1/thumb/v7e-m+fp/hard/libgcc.a(_udivmoddi4.o)
 .debug_info    0x0000000000017a0f       0x26 /usr/lib/gcc/arm-none-eabi/10.3.1/thumb/v7e-m+fp/hard/libgcc.a(_dvmd_tls.o)

.debug_abbrev   0x0000000000000000     0x2fbe
 .debug_abbrev  0x0000000000000000      0x1f2 build/main.o
 .debug_abbrev  0x00000000000001f2       0xd3 build/gpio.o
 .debug_abbrev  0x00000000000002c5      0x1f1 build/adc.o
 .debug_abbrev  0x00000000000004b6      0x129 build/dma.o
 .debug_abbrev  0x00000000000005df      0x232 build/tim.o
 .debug_abbrev  0x0000000000000811      0x13c build/stm32f4xx_it.o
 .debug_abbrev  0x000000000000094d       0xd3 build/stm32f4xx_hal_msp.o
 .debug_abbrev  0x0000000000000a20      0x252 build/stm32f4xx_hal_adc.o
 .debug_abbrev  0x0000000000000c72      0x275 build/stm32f4xx_hal_adc_ex.o
 .debug_abbrev  0x0000000000000ee7      0x2aa build/stm32f4xx_hal_rcc.o
 .debug_abbrev  0x0000000000001191      0x22b build/stm32f4xx_hal_gpio.o
 .debug_abbrev  0x00000000000013bc      0x2bf build/stm32f4xx_hal_dma.o
 .debug_abbrev  0x000000000000167b      0x382 build/stm32f4xx_hal_cortex.o
 .debug_abbrev  0x00000000000019fd      0x23a build/stm32f4xx_hal.o
 .debug_abbrev  0x0000000000001c37      0x293 build/stm32f4xx_hal_tim.o
 .debug_abbrev  0x0000000000001eca      0x2a9 build/stm32f4xx_hal_tim_ex.o
 .debug_abbrev  0x0000000000002173      0x11b build/system_stm32f4xx.o
 .debug_abbrev  0x000000000000228e      0x1f2 build/ServoControl.o
 .debug_abbrev  0x0000000000002480      0x1ca build/PhotoSensor.o
 .debug_abbrev  0x000000000000264a      0x260 build/AdcDataHandle.o
 .debug_abbrev  0x00000000000028aa       0x12 build/startup_stm32f401xc.o
 .debug_abbrev  0x00000000000028bc       0xcc /usr/lib/gcc/arm-none-eabi/10.3.1/../../../arm-none-eabi/lib/thumb/v7e-m+fp/hard/libc_nano.a(lib_a-init.o)
 .debug_abbrev  0x0000000000002988       0xb4 /usr/lib/gcc/arm-none-eabi/10.3.1/../../../arm-none-eabi/lib/thumb/v7e-m+fp/hard/libc_nano.a(lib_a-memset.o)
 .debug_abbrev  0x0000000000002a3c       0xda Middlewares/ST/ARM/DSP/Lib/iar_cortexM4lf_math.a(arm_cfft_radix4_f32.o)
 .debug_abbrev  0x0000000000002b16       0xe7 Middlewares/ST/ARM/DSP/Lib/iar_cortexM4lf_math.a(arm_cfft_radix4_init_f32.o)
 .debug_abbrev  0x0000000000002bfd      0x109 Middlewares/ST/ARM/DSP/Lib/iar_cortexM4lf_math.a(arm_cmplx_mag_f32.o)
 .debug_abbrev  0x0000000000002d06       0x62 Middlewares/ST/ARM/DSP/Lib/iar_cortexM4lf_math.a(arm_common_tables.o)
 .debug_abbrev  0x0000000000002d68       0xcb Middlewares/ST/ARM/DSP/Lib/iar_cortexM4lf_math.a(arm_bitreversal.o)
 .debug_abbrev  0x0000000000002e33       0x14 /usr/lib/gcc/arm-none-eabi/10.3.1/thumb/v7e-m+fp/hard/libgcc.a(_aeabi_uldivmod.o)
 .debug_abbrev  0x0000000000002e47      0x163 /usr/lib/gcc/arm-none-eabi/10.3.1/thumb/v7e-m+fp/hard/libgcc.a(_udivmoddi4.o)
 .debug_abbrev  0x0000000000002faa       0x14 /usr/lib/gcc/arm-none-eabi/10.3.1/thumb/v7e-m+fp/hard/libgcc.a(_dvmd_tls.o)

.debug_loc      0x0000000000000000     0xf420
 .debug_loc     0x0000000000000000       0x86 build/main.o
 .debug_loc     0x0000000000000086       0x2c build/gpio.o
 .debug_loc     0x00000000000000b2      0x119 build/adc.o
 .debug_loc     0x00000000000001cb       0x38 build/dma.o
 .debug_loc     0x0000000000000203      0x148 build/tim.o
 .debug_loc     0x000000000000034b       0x40 build/stm32f4xx_it.o
 .debug_loc     0x000000000000038b       0x2c build/stm32f4xx_hal_msp.o
 .debug_loc     0x00000000000003b7      0xdb9 build/stm32f4xx_hal_adc.o
 .debug_loc     0x0000000000001170      0xc8a build/stm32f4xx_hal_adc_ex.o
 .debug_loc     0x0000000000001dfa      0x6e4 build/stm32f4xx_hal_rcc.o
 .debug_loc     0x00000000000024de      0x5e8 build/stm32f4xx_hal_gpio.o
 .debug_loc     0x0000000000002ac6      0xd6d build/stm32f4xx_hal_dma.o
 .debug_loc     0x0000000000003833      0x7a4 build/stm32f4xx_hal_cortex.o
 .debug_loc     0x0000000000003fd7      0x1e1 build/stm32f4xx_hal.o
 .debug_loc     0x00000000000041b8     0x5c80 build/stm32f4xx_hal_tim.o
 .debug_loc     0x0000000000009e38     0x2137 build/stm32f4xx_hal_tim_ex.o
 .debug_loc     0x000000000000bf6f      0x158 build/system_stm32f4xx.o
 .debug_loc     0x000000000000c0c7       0x66 build/ServoControl.o
 .debug_loc     0x000000000000c12d       0x63 build/PhotoSensor.o
 .debug_loc     0x000000000000c190      0x2a9 build/AdcDataHandle.o
 .debug_loc     0x000000000000c439       0xba /usr/lib/gcc/arm-none-eabi/10.3.1/../../../arm-none-eabi/lib/thumb/v7e-m+fp/hard/libc_nano.a(lib_a-init.o)
 .debug_loc     0x000000000000c4f3      0x22c /usr/lib/gcc/arm-none-eabi/10.3.1/../../../arm-none-eabi/lib/thumb/v7e-m+fp/hard/libc_nano.a(lib_a-memset.o)
 .debug_loc     0x000000000000c71f       0xac Middlewares/ST/ARM/DSP/Lib/iar_cortexM4lf_math.a(arm_cfft_radix4_f32.o)
 .debug_loc     0x000000000000c7cb      0xa14 Middlewares/ST/ARM/DSP/Lib/iar_cortexM4lf_math.a(arm_cfft_radix4_f32.o)
 .debug_loc     0x000000000000d1df      0xa0d Middlewares/ST/ARM/DSP/Lib/iar_cortexM4lf_math.a(arm_cfft_radix4_f32.o)
 .debug_loc     0x000000000000dbec       0xe5 Middlewares/ST/ARM/DSP/Lib/iar_cortexM4lf_math.a(arm_cfft_radix4_init_f32.o)
 .debug_loc     0x000000000000dcd1      0x34b Middlewares/ST/ARM/DSP/Lib/iar_cortexM4lf_math.a(arm_cmplx_mag_f32.o)
 .debug_loc     0x000000000000e01c      0x140 Middlewares/ST/ARM/DSP/Lib/iar_cortexM4lf_math.a(arm_bitreversal.o)
 .debug_loc     0x000000000000e15c      0x164 Middlewares/ST/ARM/DSP/Lib/iar_cortexM4lf_math.a(arm_bitreversal.o)
 .debug_loc     0x000000000000e2c0      0x151 Middlewares/ST/ARM/DSP/Lib/iar_cortexM4lf_math.a(arm_bitreversal.o)
 .debug_loc     0x000000000000e411     0x100f /usr/lib/gcc/arm-none-eabi/10.3.1/thumb/v7e-m+fp/hard/libgcc.a(_udivmoddi4.o)

.debug_aranges  0x0000000000000000      0xda0
 .debug_aranges
                0x0000000000000000       0x38 build/main.o
 .debug_aranges
                0x0000000000000038       0x20 build/gpio.o
 .debug_aranges
                0x0000000000000058       0x30 build/adc.o
 .debug_aranges
                0x0000000000000088       0x20 build/dma.o
 .debug_aranges
                0x00000000000000a8       0x40 build/tim.o
 .debug_aranges
                0x00000000000000e8       0x68 build/stm32f4xx_it.o
 .debug_aranges
                0x0000000000000150       0x20 build/stm32f4xx_hal_msp.o
 .debug_aranges
                0x0000000000000170       0xe8 build/stm32f4xx_hal_adc.o
 .debug_aranges
                0x0000000000000258       0x90 build/stm32f4xx_hal_adc_ex.o
 .debug_aranges
                0x00000000000002e8       0x88 build/stm32f4xx_hal_rcc.o
 .debug_aranges
                0x0000000000000370       0x58 build/stm32f4xx_hal_gpio.o
 .debug_aranges
                0x00000000000003c8       0x90 build/stm32f4xx_hal_dma.o
 .debug_aranges
                0x0000000000000458       0xa8 build/stm32f4xx_hal_cortex.o
 .debug_aranges
                0x0000000000000500       0xf0 build/stm32f4xx_hal.o
 .debug_aranges
                0x00000000000005f0      0x3d0 build/stm32f4xx_hal_tim.o
 .debug_aranges
                0x00000000000009c0      0x168 build/stm32f4xx_hal_tim_ex.o
 .debug_aranges
                0x0000000000000b28       0x28 build/system_stm32f4xx.o
 .debug_aranges
                0x0000000000000b50       0x28 build/ServoControl.o
 .debug_aranges
                0x0000000000000b78       0x38 build/PhotoSensor.o
 .debug_aranges
                0x0000000000000bb0       0x48 build/AdcDataHandle.o
 .debug_aranges
                0x0000000000000bf8       0x28 build/startup_stm32f401xc.o
 .debug_aranges
                0x0000000000000c20       0x20 /usr/lib/gcc/arm-none-eabi/10.3.1/../../../arm-none-eabi/lib/thumb/v7e-m+fp/hard/libc_nano.a(lib_a-init.o)
 .debug_aranges
                0x0000000000000c40       0x20 /usr/lib/gcc/arm-none-eabi/10.3.1/../../../arm-none-eabi/lib/thumb/v7e-m+fp/hard/libc_nano.a(lib_a-memset.o)
 .debug_aranges
                0x0000000000000c60       0x1c Middlewares/ST/ARM/DSP/Lib/iar_cortexM4lf_math.a(arm_cfft_radix4_f32.o)
 .debug_aranges
                0x0000000000000c7c       0x1c Middlewares/ST/ARM/DSP/Lib/iar_cortexM4lf_math.a(arm_cfft_radix4_f32.o)
 .debug_aranges
                0x0000000000000c98       0x1c Middlewares/ST/ARM/DSP/Lib/iar_cortexM4lf_math.a(arm_cfft_radix4_f32.o)
 .debug_aranges
                0x0000000000000cb4       0x1c Middlewares/ST/ARM/DSP/Lib/iar_cortexM4lf_math.a(arm_cfft_radix4_init_f32.o)
 .debug_aranges
                0x0000000000000cd0       0x1c Middlewares/ST/ARM/DSP/Lib/iar_cortexM4lf_math.a(arm_cmplx_mag_f32.o)
 .debug_aranges
                0x0000000000000cec       0x1c Middlewares/ST/ARM/DSP/Lib/iar_cortexM4lf_math.a(arm_bitreversal.o)
 .debug_aranges
                0x0000000000000d08       0x1c Middlewares/ST/ARM/DSP/Lib/iar_cortexM4lf_math.a(arm_bitreversal.o)
 .debug_aranges
                0x0000000000000d24       0x1c Middlewares/ST/ARM/DSP/Lib/iar_cortexM4lf_math.a(arm_bitreversal.o)
 .debug_aranges
                0x0000000000000d40       0x20 /usr/lib/gcc/arm-none-eabi/10.3.1/thumb/v7e-m+fp/hard/libgcc.a(_aeabi_uldivmod.o)
 .debug_aranges
                0x0000000000000d60       0x20 /usr/lib/gcc/arm-none-eabi/10.3.1/thumb/v7e-m+fp/hard/libgcc.a(_udivmoddi4.o)
 .debug_aranges
                0x0000000000000d80       0x20 /usr/lib/gcc/arm-none-eabi/10.3.1/thumb/v7e-m+fp/hard/libgcc.a(_dvmd_tls.o)

.debug_ranges   0x0000000000000000      0xc38
 .debug_ranges  0x0000000000000000       0x28 build/main.o
 .debug_ranges  0x0000000000000028       0x10 build/gpio.o
 .debug_ranges  0x0000000000000038       0x20 build/adc.o
 .debug_ranges  0x0000000000000058       0x10 build/dma.o
 .debug_ranges  0x0000000000000068       0x30 build/tim.o
 .debug_ranges  0x0000000000000098       0x58 build/stm32f4xx_it.o
 .debug_ranges  0x00000000000000f0       0x10 build/stm32f4xx_hal_msp.o
 .debug_ranges  0x0000000000000100       0xd8 build/stm32f4xx_hal_adc.o
 .debug_ranges  0x00000000000001d8       0x80 build/stm32f4xx_hal_adc_ex.o
 .debug_ranges  0x0000000000000258       0x90 build/stm32f4xx_hal_rcc.o
 .debug_ranges  0x00000000000002e8       0x48 build/stm32f4xx_hal_gpio.o
 .debug_ranges  0x0000000000000330       0x80 build/stm32f4xx_hal_dma.o
 .debug_ranges  0x00000000000003b0       0xf8 build/stm32f4xx_hal_cortex.o
 .debug_ranges  0x00000000000004a8       0xe0 build/stm32f4xx_hal.o
 .debug_ranges  0x0000000000000588      0x3c0 build/stm32f4xx_hal_tim.o
 .debug_ranges  0x0000000000000948      0x158 build/stm32f4xx_hal_tim_ex.o
 .debug_ranges  0x0000000000000aa0       0x18 build/system_stm32f4xx.o
 .debug_ranges  0x0000000000000ab8       0x18 build/ServoControl.o
 .debug_ranges  0x0000000000000ad0       0x28 build/PhotoSensor.o
 .debug_ranges  0x0000000000000af8       0x38 build/AdcDataHandle.o
 .debug_ranges  0x0000000000000b30       0x20 build/startup_stm32f401xc.o
 .debug_ranges  0x0000000000000b50       0xe8 /usr/lib/gcc/arm-none-eabi/10.3.1/thumb/v7e-m+fp/hard/libgcc.a(_udivmoddi4.o)

.debug_line     0x0000000000000000     0xe272
 .debug_line    0x0000000000000000      0x2f3 build/main.o
 .debug_line    0x00000000000002f3       0xc4 build/gpio.o
 .debug_line    0x00000000000003b7      0x3e7 build/adc.o
 .debug_line    0x000000000000079e       0xfa build/dma.o
 .debug_line    0x0000000000000898      0x430 build/tim.o
 .debug_line    0x0000000000000cc8      0x22f build/stm32f4xx_it.o
 .debug_line    0x0000000000000ef7       0xd1 build/stm32f4xx_hal_msp.o
 .debug_line    0x0000000000000fc8      0xf70 build/stm32f4xx_hal_adc.o
 .debug_line    0x0000000000001f38      0xbdb build/stm32f4xx_hal_adc_ex.o
 .debug_line    0x0000000000002b13      0xa86 build/stm32f4xx_hal_rcc.o
 .debug_line    0x0000000000003599      0x63a build/stm32f4xx_hal_gpio.o
 .debug_line    0x0000000000003bd3      0xd9c build/stm32f4xx_hal_dma.o
 .debug_line    0x000000000000496f      0x6ef build/stm32f4xx_hal_cortex.o
 .debug_line    0x000000000000505e      0x4dc build/stm32f4xx_hal.o
 .debug_line    0x000000000000553a     0x492e build/stm32f4xx_hal_tim.o
 .debug_line    0x0000000000009e68     0x1bd9 build/stm32f4xx_hal_tim_ex.o
 .debug_line    0x000000000000ba41      0x1c7 build/system_stm32f4xx.o
 .debug_line    0x000000000000bc08      0x1ac build/ServoControl.o
 .debug_line    0x000000000000bdb4      0x205 build/PhotoSensor.o
 .debug_line    0x000000000000bfb9      0x3f4 build/AdcDataHandle.o
 .debug_line    0x000000000000c3ad       0x76 build/startup_stm32f401xc.o
 .debug_line    0x000000000000c423      0x138 /usr/lib/gcc/arm-none-eabi/10.3.1/../../../arm-none-eabi/lib/thumb/v7e-m+fp/hard/libc_nano.a(lib_a-init.o)
 .debug_line    0x000000000000c55b      0x1bf /usr/lib/gcc/arm-none-eabi/10.3.1/../../../arm-none-eabi/lib/thumb/v7e-m+fp/hard/libc_nano.a(lib_a-memset.o)
 .debug_line    0x000000000000c71a      0x264 Middlewares/ST/ARM/DSP/Lib/iar_cortexM4lf_math.a(arm_cfft_radix4_f32.o)
 .debug_line    0x000000000000c97e       0xa3 Middlewares/ST/ARM/DSP/Lib/iar_cortexM4lf_math.a(arm_cfft_radix4_f32.o)
 .debug_line    0x000000000000ca21      0x177 Middlewares/ST/ARM/DSP/Lib/iar_cortexM4lf_math.a(arm_cfft_radix4_f32.o)
 .debug_line    0x000000000000cb98      0x17f Middlewares/ST/ARM/DSP/Lib/iar_cortexM4lf_math.a(arm_cfft_radix4_f32.o)
 .debug_line    0x000000000000cd17      0x285 Middlewares/ST/ARM/DSP/Lib/iar_cortexM4lf_math.a(arm_cfft_radix4_init_f32.o)
 .debug_line    0x000000000000cf9c       0xfa Middlewares/ST/ARM/DSP/Lib/iar_cortexM4lf_math.a(arm_cfft_radix4_init_f32.o)
 .debug_line    0x000000000000d096      0x264 Middlewares/ST/ARM/DSP/Lib/iar_cortexM4lf_math.a(arm_cmplx_mag_f32.o)
 .debug_line    0x000000000000d2fa      0x1e2 Middlewares/ST/ARM/DSP/Lib/iar_cortexM4lf_math.a(arm_cmplx_mag_f32.o)
 .debug_line    0x000000000000d4dc      0x279 Middlewares/ST/ARM/DSP/Lib/iar_cortexM4lf_math.a(arm_common_tables.o)
 .debug_line    0x000000000000d755      0x27c Middlewares/ST/ARM/DSP/Lib/iar_cortexM4lf_math.a(arm_bitreversal.o)
 .debug_line    0x000000000000d9d1       0xbb Middlewares/ST/ARM/DSP/Lib/iar_cortexM4lf_math.a(arm_bitreversal.o)
 .debug_line    0x000000000000da8c       0xbf Middlewares/ST/ARM/DSP/Lib/iar_cortexM4lf_math.a(arm_bitreversal.o)
 .debug_line    0x000000000000db4b       0xb9 Middlewares/ST/ARM/DSP/Lib/iar_cortexM4lf_math.a(arm_bitreversal.o)
 .debug_line    0x000000000000dc04       0x60 /usr/lib/gcc/arm-none-eabi/10.3.1/thumb/v7e-m+fp/hard/libgcc.a(_aeabi_uldivmod.o)
 .debug_line    0x000000000000dc64      0x5ae /usr/lib/gcc/arm-none-eabi/10.3.1/thumb/v7e-m+fp/hard/libgcc.a(_udivmoddi4.o)
 .debug_line    0x000000000000e212       0x60 /usr/lib/gcc/arm-none-eabi/10.3.1/thumb/v7e-m+fp/hard/libgcc.a(_dvmd_tls.o)

.debug_str      0x0000000000000000     0x45fb
 .debug_str     0x0000000000000000      0x47c build/main.o
                                        0x4d3 (size before relaxing)
 .debug_str     0x000000000000047c       0x10 build/gpio.o
                                        0x293 (size before relaxing)
 .debug_str     0x000000000000048c      0x5b2 build/adc.o
                                        0x8f3 (size before relaxing)
 .debug_str     0x0000000000000a3e      0x3c3 build/dma.o
                                        0x645 (size before relaxing)
 .debug_str     0x0000000000000e01      0x538 build/tim.o
                                        0xb3e (size before relaxing)
 .debug_str     0x0000000000001339       0xdf build/stm32f4xx_it.o
                                        0x496 (size before relaxing)
 .debug_str     0x0000000000001418       0x29 build/stm32f4xx_hal_msp.o
                                        0x29f (size before relaxing)
 .debug_str     0x0000000000001441      0x30d build/stm32f4xx_hal_adc.o
                                        0x91f (size before relaxing)
 .debug_str     0x000000000000174e      0x1db build/stm32f4xx_hal_adc_ex.o
                                        0x973 (size before relaxing)
 .debug_str     0x0000000000001929      0x207 build/stm32f4xx_hal_rcc.o
                                        0x6ca (size before relaxing)
 .debug_str     0x0000000000001b30      0x153 build/stm32f4xx_hal_gpio.o
                                        0x4af (size before relaxing)
 .debug_str     0x0000000000001c83      0x2c3 build/stm32f4xx_hal_dma.o
                                        0x73e (size before relaxing)
 .debug_str     0x0000000000001f46      0x4d8 build/stm32f4xx_hal_cortex.o
                                        0xa88 (size before relaxing)
 .debug_str     0x000000000000241e      0x29f build/stm32f4xx_hal.o
                                        0x9dc (size before relaxing)
 .debug_str     0x00000000000026bd      0xdc3 build/stm32f4xx_hal_tim.o
                                       0x1680 (size before relaxing)
 .debug_str     0x0000000000003480      0x46f build/stm32f4xx_hal_tim_ex.o
                                        0xe81 (size before relaxing)
 .debug_str     0x00000000000038ef       0x47 build/system_stm32f4xx.o
                                        0x34f (size before relaxing)
 .debug_str     0x0000000000003936       0x74 build/ServoControl.o
                                        0x728 (size before relaxing)
 .debug_str     0x00000000000039aa       0xc4 build/PhotoSensor.o
                                        0x64e (size before relaxing)
 .debug_str     0x0000000000003a6e      0x337 build/AdcDataHandle.o
                                        0x94b (size before relaxing)
 .debug_str     0x0000000000003da5       0x22 build/startup_stm32f401xc.o
                                         0x45 (size before relaxing)
 .debug_str     0x0000000000003dc7      0x170 /usr/lib/gcc/arm-none-eabi/10.3.1/../../../arm-none-eabi/lib/thumb/v7e-m+fp/hard/libc_nano.a(lib_a-init.o)
                                        0x20b (size before relaxing)
 .debug_str     0x0000000000003f37       0xaa /usr/lib/gcc/arm-none-eabi/10.3.1/../../../arm-none-eabi/lib/thumb/v7e-m+fp/hard/libc_nano.a(lib_a-memset.o)
                                        0x1c0 (size before relaxing)
 .debug_str     0x0000000000003fe1       0xa6 /usr/lib/gcc/arm-none-eabi/10.3.1/thumb/v7e-m+fp/hard/libgcc.a(_aeabi_uldivmod.o)
 .debug_str     0x0000000000004087      0x544 /usr/lib/gcc/arm-none-eabi/10.3.1/thumb/v7e-m+fp/hard/libgcc.a(_udivmoddi4.o)
                                        0x647 (size before relaxing)
 .debug_str     0x00000000000045cb       0x30 /usr/lib/gcc/arm-none-eabi/10.3.1/thumb/v7e-m+fp/hard/libgcc.a(_dvmd_tls.o)
                                         0xaa (size before relaxing)

.debug_frame    0x0000000000000000     0x2338
 .debug_frame   0x0000000000000000       0x70 build/main.o
 .debug_frame   0x0000000000000070       0x28 build/gpio.o
 .debug_frame   0x0000000000000098       0x70 build/adc.o
 .debug_frame   0x0000000000000108       0x2c build/dma.o
 .debug_frame   0x0000000000000134       0xa0 build/tim.o
 .debug_frame   0x00000000000001d4       0xc0 build/stm32f4xx_it.o
 .debug_frame   0x0000000000000294       0x28 build/stm32f4xx_hal_msp.o
 .debug_frame   0x00000000000002bc      0x268 build/stm32f4xx_hal_adc.o
 .debug_frame   0x0000000000000524      0x18c build/stm32f4xx_hal_adc_ex.o
 .debug_frame   0x00000000000006b0      0x16c build/stm32f4xx_hal_rcc.o
 .debug_frame   0x000000000000081c       0xd8 build/stm32f4xx_hal_gpio.o
 .debug_frame   0x00000000000008f4      0x188 build/stm32f4xx_hal_dma.o
 .debug_frame   0x0000000000000a7c      0x148 build/stm32f4xx_hal_cortex.o
 .debug_frame   0x0000000000000bc4      0x1ec build/stm32f4xx_hal.o
 .debug_frame   0x0000000000000db0      0xb20 build/stm32f4xx_hal_tim.o
 .debug_frame   0x00000000000018d0      0x40c build/stm32f4xx_hal_tim_ex.o
 .debug_frame   0x0000000000001cdc       0x30 build/system_stm32f4xx.o
 .debug_frame   0x0000000000001d0c       0x38 build/ServoControl.o
 .debug_frame   0x0000000000001d44       0x60 build/PhotoSensor.o
 .debug_frame   0x0000000000001da4       0xb4 build/AdcDataHandle.o
 .debug_frame   0x0000000000001e58       0x2c /usr/lib/gcc/arm-none-eabi/10.3.1/../../../arm-none-eabi/lib/thumb/v7e-m+fp/hard/libc_nano.a(lib_a-init.o)
 .debug_frame   0x0000000000001e84       0x2c /usr/lib/gcc/arm-none-eabi/10.3.1/../../../arm-none-eabi/lib/thumb/v7e-m+fp/hard/libc_nano.a(lib_a-memset.o)
 .debug_frame   0x0000000000001eb0       0x8d Middlewares/ST/ARM/DSP/Lib/iar_cortexM4lf_math.a(arm_cfft_radix4_f32.o)
 .debug_frame   0x0000000000001f3d       0x99 Middlewares/ST/ARM/DSP/Lib/iar_cortexM4lf_math.a(arm_cfft_radix4_f32.o)
 .debug_frame   0x0000000000001fd6       0xa0 Middlewares/ST/ARM/DSP/Lib/iar_cortexM4lf_math.a(arm_cfft_radix4_f32.o)
 .debug_frame   0x0000000000002076       0x6c Middlewares/ST/ARM/DSP/Lib/iar_cortexM4lf_math.a(arm_cfft_radix4_init_f32.o)
 .debug_frame   0x00000000000020e2       0x79 Middlewares/ST/ARM/DSP/Lib/iar_cortexM4lf_math.a(arm_cmplx_mag_f32.o)
 .debug_frame   0x000000000000215b       0x7d Middlewares/ST/ARM/DSP/Lib/iar_cortexM4lf_math.a(arm_bitreversal.o)
 .debug_frame   0x00000000000021d8       0x81 Middlewares/ST/ARM/DSP/Lib/iar_cortexM4lf_math.a(arm_bitreversal.o)
 .debug_frame   0x0000000000002259       0x7f Middlewares/ST/ARM/DSP/Lib/iar_cortexM4lf_math.a(arm_bitreversal.o)
 .debug_frame   0x00000000000022d8       0x2c /usr/lib/gcc/arm-none-eabi/10.3.1/thumb/v7e-m+fp/hard/libgcc.a(_aeabi_uldivmod.o)
 .debug_frame   0x0000000000002304       0x34 /usr/lib/gcc/arm-none-eabi/10.3.1/thumb/v7e-m+fp/hard/libgcc.a(_udivmoddi4.o)

.debug_pubnames
                0x0000000000000000      0xfb5
 .debug_pubnames
                0x0000000000000000       0x2a Middlewares/ST/ARM/DSP/Lib/iar_cortexM4lf_math.a(arm_cfft_radix4_f32.o)
 .debug_pubnames
                0x000000000000002a       0x2f Middlewares/ST/ARM/DSP/Lib/iar_cortexM4lf_math.a(arm_cfft_radix4_f32.o)
 .debug_pubnames
                0x0000000000000059       0x37 Middlewares/ST/ARM/DSP/Lib/iar_cortexM4lf_math.a(arm_cfft_radix4_f32.o)
 .debug_pubnames
                0x0000000000000090       0x2f Middlewares/ST/ARM/DSP/Lib/iar_cortexM4lf_math.a(arm_cfft_radix4_init_f32.o)
 .debug_pubnames
                0x00000000000000bf       0x28 Middlewares/ST/ARM/DSP/Lib/iar_cortexM4lf_math.a(arm_cmplx_mag_f32.o)
 .debug_pubnames
                0x00000000000000e7       0x25 Middlewares/ST/ARM/DSP/Lib/iar_cortexM4lf_math.a(arm_common_tables.o)
 .debug_pubnames
                0x000000000000010c       0x25 Middlewares/ST/ARM/DSP/Lib/iar_cortexM4lf_math.a(arm_common_tables.o)
 .debug_pubnames
                0x0000000000000131       0x25 Middlewares/ST/ARM/DSP/Lib/iar_cortexM4lf_math.a(arm_common_tables.o)
 .debug_pubnames
                0x0000000000000156       0x25 Middlewares/ST/ARM/DSP/Lib/iar_cortexM4lf_math.a(arm_common_tables.o)
 .debug_pubnames
                0x000000000000017b       0x26 Middlewares/ST/ARM/DSP/Lib/iar_cortexM4lf_math.a(arm_common_tables.o)
 .debug_pubnames
                0x00000000000001a1       0x26 Middlewares/ST/ARM/DSP/Lib/iar_cortexM4lf_math.a(arm_common_tables.o)
 .debug_pubnames
                0x00000000000001c7       0x26 Middlewares/ST/ARM/DSP/Lib/iar_cortexM4lf_math.a(arm_common_tables.o)
 .debug_pubnames
                0x00000000000001ed       0x27 Middlewares/ST/ARM/DSP/Lib/iar_cortexM4lf_math.a(arm_common_tables.o)
 .debug_pubnames
                0x0000000000000214       0x27 Middlewares/ST/ARM/DSP/Lib/iar_cortexM4lf_math.a(arm_common_tables.o)
 .debug_pubnames
                0x000000000000023b       0x27 Middlewares/ST/ARM/DSP/Lib/iar_cortexM4lf_math.a(arm_common_tables.o)
 .debug_pubnames
                0x0000000000000262       0x29 Middlewares/ST/ARM/DSP/Lib/iar_cortexM4lf_math.a(arm_common_tables.o)
 .debug_pubnames
                0x000000000000028b       0x29 Middlewares/ST/ARM/DSP/Lib/iar_cortexM4lf_math.a(arm_common_tables.o)
 .debug_pubnames
                0x00000000000002b4       0x29 Middlewares/ST/ARM/DSP/Lib/iar_cortexM4lf_math.a(arm_common_tables.o)
 .debug_pubnames
                0x00000000000002dd       0x2a Middlewares/ST/ARM/DSP/Lib/iar_cortexM4lf_math.a(arm_common_tables.o)
 .debug_pubnames
                0x0000000000000307       0x2a Middlewares/ST/ARM/DSP/Lib/iar_cortexM4lf_math.a(arm_common_tables.o)
 .debug_pubnames
                0x0000000000000331       0x2a Middlewares/ST/ARM/DSP/Lib/iar_cortexM4lf_math.a(arm_common_tables.o)
 .debug_pubnames
                0x000000000000035b       0x2b Middlewares/ST/ARM/DSP/Lib/iar_cortexM4lf_math.a(arm_common_tables.o)
 .debug_pubnames
                0x0000000000000386       0x2b Middlewares/ST/ARM/DSP/Lib/iar_cortexM4lf_math.a(arm_common_tables.o)
 .debug_pubnames
                0x00000000000003b1       0x2b Middlewares/ST/ARM/DSP/Lib/iar_cortexM4lf_math.a(arm_common_tables.o)
 .debug_pubnames
                0x00000000000003dc       0x29 Middlewares/ST/ARM/DSP/Lib/iar_cortexM4lf_math.a(arm_common_tables.o)
 .debug_pubnames
                0x0000000000000405       0x29 Middlewares/ST/ARM/DSP/Lib/iar_cortexM4lf_math.a(arm_common_tables.o)
 .debug_pubnames
                0x000000000000042e       0x29 Middlewares/ST/ARM/DSP/Lib/iar_cortexM4lf_math.a(arm_common_tables.o)
 .debug_pubnames
                0x0000000000000457       0x2a Middlewares/ST/ARM/DSP/Lib/iar_cortexM4lf_math.a(arm_common_tables.o)
 .debug_pubnames
                0x0000000000000481       0x2a Middlewares/ST/ARM/DSP/Lib/iar_cortexM4lf_math.a(arm_common_tables.o)
 .debug_pubnames
                0x00000000000004ab       0x2a Middlewares/ST/ARM/DSP/Lib/iar_cortexM4lf_math.a(arm_common_tables.o)
 .debug_pubnames
                0x00000000000004d5       0x2b Middlewares/ST/ARM/DSP/Lib/iar_cortexM4lf_math.a(arm_common_tables.o)
 .debug_pubnames
                0x0000000000000500       0x2b Middlewares/ST/ARM/DSP/Lib/iar_cortexM4lf_math.a(arm_common_tables.o)
 .debug_pubnames
                0x000000000000052b       0x2b Middlewares/ST/ARM/DSP/Lib/iar_cortexM4lf_math.a(arm_common_tables.o)
 .debug_pubnames
                0x0000000000000556       0x2c Middlewares/ST/ARM/DSP/Lib/iar_cortexM4lf_math.a(arm_common_tables.o)
 .debug_pubnames
                0x0000000000000582       0x2c Middlewares/ST/ARM/DSP/Lib/iar_cortexM4lf_math.a(arm_common_tables.o)
 .debug_pubnames
                0x00000000000005ae       0x2c Middlewares/ST/ARM/DSP/Lib/iar_cortexM4lf_math.a(arm_common_tables.o)
 .debug_pubnames
                0x00000000000005da       0x2d Middlewares/ST/ARM/DSP/Lib/iar_cortexM4lf_math.a(arm_common_tables.o)
 .debug_pubnames
                0x0000000000000607       0x2d Middlewares/ST/ARM/DSP/Lib/iar_cortexM4lf_math.a(arm_common_tables.o)
 .debug_pubnames
                0x0000000000000634       0x2d Middlewares/ST/ARM/DSP/Lib/iar_cortexM4lf_math.a(arm_common_tables.o)
 .debug_pubnames
                0x0000000000000661       0x2e Middlewares/ST/ARM/DSP/Lib/iar_cortexM4lf_math.a(arm_common_tables.o)
 .debug_pubnames
                0x000000000000068f       0x2e Middlewares/ST/ARM/DSP/Lib/iar_cortexM4lf_math.a(arm_common_tables.o)
 .debug_pubnames
                0x00000000000006bd       0x2e Middlewares/ST/ARM/DSP/Lib/iar_cortexM4lf_math.a(arm_common_tables.o)
 .debug_pubnames
                0x00000000000006eb       0x33 Middlewares/ST/ARM/DSP/Lib/iar_cortexM4lf_math.a(arm_common_tables.o)
 .debug_pubnames
                0x000000000000071e       0x33 Middlewares/ST/ARM/DSP/Lib/iar_cortexM4lf_math.a(arm_common_tables.o)
 .debug_pubnames
                0x0000000000000751       0x33 Middlewares/ST/ARM/DSP/Lib/iar_cortexM4lf_math.a(arm_common_tables.o)
 .debug_pubnames
                0x0000000000000784       0x34 Middlewares/ST/ARM/DSP/Lib/iar_cortexM4lf_math.a(arm_common_tables.o)
 .debug_pubnames
                0x00000000000007b8       0x34 Middlewares/ST/ARM/DSP/Lib/iar_cortexM4lf_math.a(arm_common_tables.o)
 .debug_pubnames
                0x00000000000007ec       0x34 Middlewares/ST/ARM/DSP/Lib/iar_cortexM4lf_math.a(arm_common_tables.o)
 .debug_pubnames
                0x0000000000000820       0x35 Middlewares/ST/ARM/DSP/Lib/iar_cortexM4lf_math.a(arm_common_tables.o)
 .debug_pubnames
                0x0000000000000855       0x35 Middlewares/ST/ARM/DSP/Lib/iar_cortexM4lf_math.a(arm_common_tables.o)
 .debug_pubnames
                0x000000000000088a       0x35 Middlewares/ST/ARM/DSP/Lib/iar_cortexM4lf_math.a(arm_common_tables.o)
 .debug_pubnames
                0x00000000000008bf       0x2a Middlewares/ST/ARM/DSP/Lib/iar_cortexM4lf_math.a(arm_common_tables.o)
 .debug_pubnames
                0x00000000000008e9       0x2a Middlewares/ST/ARM/DSP/Lib/iar_cortexM4lf_math.a(arm_common_tables.o)
 .debug_pubnames
                0x0000000000000913       0x2b Middlewares/ST/ARM/DSP/Lib/iar_cortexM4lf_math.a(arm_common_tables.o)
 .debug_pubnames
                0x000000000000093e       0x2b Middlewares/ST/ARM/DSP/Lib/iar_cortexM4lf_math.a(arm_common_tables.o)
 .debug_pubnames
                0x0000000000000969       0x2b Middlewares/ST/ARM/DSP/Lib/iar_cortexM4lf_math.a(arm_common_tables.o)
 .debug_pubnames
                0x0000000000000994       0x2c Middlewares/ST/ARM/DSP/Lib/iar_cortexM4lf_math.a(arm_common_tables.o)
 .debug_pubnames
                0x00000000000009c0       0x2c Middlewares/ST/ARM/DSP/Lib/iar_cortexM4lf_math.a(arm_common_tables.o)
 .debug_pubnames
                0x00000000000009ec       0x2c Middlewares/ST/ARM/DSP/Lib/iar_cortexM4lf_math.a(arm_common_tables.o)
 .debug_pubnames
                0x0000000000000a18       0x20 Middlewares/ST/ARM/DSP/Lib/iar_cortexM4lf_math.a(arm_common_tables.o)
 .debug_pubnames
                0x0000000000000a38       0x20 Middlewares/ST/ARM/DSP/Lib/iar_cortexM4lf_math.a(arm_common_tables.o)
 .debug_pubnames
                0x0000000000000a58       0x23 Middlewares/ST/ARM/DSP/Lib/iar_cortexM4lf_math.a(arm_common_tables.o)
 .debug_pubnames
                0x0000000000000a7b       0x23 Middlewares/ST/ARM/DSP/Lib/iar_cortexM4lf_math.a(arm_common_tables.o)
 .debug_pubnames
                0x0000000000000a9e       0x23 Middlewares/ST/ARM/DSP/Lib/iar_cortexM4lf_math.a(arm_common_tables.o)
 .debug_pubnames
                0x0000000000000ac1       0x23 Middlewares/ST/ARM/DSP/Lib/iar_cortexM4lf_math.a(arm_common_tables.o)
 .debug_pubnames
                0x0000000000000ae4       0x22 Middlewares/ST/ARM/DSP/Lib/iar_cortexM4lf_math.a(arm_common_tables.o)
 .debug_pubnames
                0x0000000000000b06       0x26 Middlewares/ST/ARM/DSP/Lib/iar_cortexM4lf_math.a(arm_common_tables.o)
 .debug_pubnames
                0x0000000000000b2c       0x22 Middlewares/ST/ARM/DSP/Lib/iar_cortexM4lf_math.a(arm_common_tables.o)
 .debug_pubnames
                0x0000000000000b4e       0x26 Middlewares/ST/ARM/DSP/Lib/iar_cortexM4lf_math.a(arm_common_tables.o)
 .debug_pubnames
                0x0000000000000b74       0x23 Middlewares/ST/ARM/DSP/Lib/iar_cortexM4lf_math.a(arm_common_tables.o)
 .debug_pubnames
                0x0000000000000b97       0x27 Middlewares/ST/ARM/DSP/Lib/iar_cortexM4lf_math.a(arm_common_tables.o)
 .debug_pubnames
                0x0000000000000bbe       0x23 Middlewares/ST/ARM/DSP/Lib/iar_cortexM4lf_math.a(arm_common_tables.o)
 .debug_pubnames
                0x0000000000000be1       0x27 Middlewares/ST/ARM/DSP/Lib/iar_cortexM4lf_math.a(arm_common_tables.o)
 .debug_pubnames
                0x0000000000000c08       0x25 Middlewares/ST/ARM/DSP/Lib/iar_cortexM4lf_math.a(arm_common_tables.o)
 .debug_pubnames
                0x0000000000000c2d       0x29 Middlewares/ST/ARM/DSP/Lib/iar_cortexM4lf_math.a(arm_common_tables.o)
 .debug_pubnames
                0x0000000000000c56       0x25 Middlewares/ST/ARM/DSP/Lib/iar_cortexM4lf_math.a(arm_common_tables.o)
 .debug_pubnames
                0x0000000000000c7b       0x29 Middlewares/ST/ARM/DSP/Lib/iar_cortexM4lf_math.a(arm_common_tables.o)
 .debug_pubnames
                0x0000000000000ca4       0x26 Middlewares/ST/ARM/DSP/Lib/iar_cortexM4lf_math.a(arm_common_tables.o)
 .debug_pubnames
                0x0000000000000cca       0x2a Middlewares/ST/ARM/DSP/Lib/iar_cortexM4lf_math.a(arm_common_tables.o)
 .debug_pubnames
                0x0000000000000cf4       0x26 Middlewares/ST/ARM/DSP/Lib/iar_cortexM4lf_math.a(arm_common_tables.o)
 .debug_pubnames
                0x0000000000000d1a       0x2a Middlewares/ST/ARM/DSP/Lib/iar_cortexM4lf_math.a(arm_common_tables.o)
 .debug_pubnames
                0x0000000000000d44       0x25 Middlewares/ST/ARM/DSP/Lib/iar_cortexM4lf_math.a(arm_common_tables.o)
 .debug_pubnames
                0x0000000000000d69       0x29 Middlewares/ST/ARM/DSP/Lib/iar_cortexM4lf_math.a(arm_common_tables.o)
 .debug_pubnames
                0x0000000000000d92       0x25 Middlewares/ST/ARM/DSP/Lib/iar_cortexM4lf_math.a(arm_common_tables.o)
 .debug_pubnames
                0x0000000000000db7       0x29 Middlewares/ST/ARM/DSP/Lib/iar_cortexM4lf_math.a(arm_common_tables.o)
 .debug_pubnames
                0x0000000000000de0       0x26 Middlewares/ST/ARM/DSP/Lib/iar_cortexM4lf_math.a(arm_common_tables.o)
 .debug_pubnames
                0x0000000000000e06       0x2a Middlewares/ST/ARM/DSP/Lib/iar_cortexM4lf_math.a(arm_common_tables.o)
 .debug_pubnames
                0x0000000000000e30       0x26 Middlewares/ST/ARM/DSP/Lib/iar_cortexM4lf_math.a(arm_common_tables.o)
 .debug_pubnames
                0x0000000000000e56       0x2a Middlewares/ST/ARM/DSP/Lib/iar_cortexM4lf_math.a(arm_common_tables.o)
 .debug_pubnames
                0x0000000000000e80       0x27 Middlewares/ST/ARM/DSP/Lib/iar_cortexM4lf_math.a(arm_common_tables.o)
 .debug_pubnames
                0x0000000000000ea7       0x27 Middlewares/ST/ARM/DSP/Lib/iar_cortexM4lf_math.a(arm_common_tables.o)
 .debug_pubnames
                0x0000000000000ece       0x23 Middlewares/ST/ARM/DSP/Lib/iar_cortexM4lf_math.a(arm_common_tables.o)
 .debug_pubnames
                0x0000000000000ef1       0x23 Middlewares/ST/ARM/DSP/Lib/iar_cortexM4lf_math.a(arm_common_tables.o)
 .debug_pubnames
                0x0000000000000f14       0x23 Middlewares/ST/ARM/DSP/Lib/iar_cortexM4lf_math.a(arm_common_tables.o)
 .debug_pubnames
                0x0000000000000f37       0x2a Middlewares/ST/ARM/DSP/Lib/iar_cortexM4lf_math.a(arm_bitreversal.o)
 .debug_pubnames
                0x0000000000000f61       0x2a Middlewares/ST/ARM/DSP/Lib/iar_cortexM4lf_math.a(arm_bitreversal.o)
 .debug_pubnames
                0x0000000000000f8b       0x2a Middlewares/ST/ARM/DSP/Lib/iar_cortexM4lf_math.a(arm_bitreversal.o)

.debug_macinfo  0x0000000000000000      0x1ce
 .debug_macinfo
                0x0000000000000000       0x5a Middlewares/ST/ARM/DSP/Lib/iar_cortexM4lf_math.a(arm_cfft_radix4_f32.o)
 .debug_macinfo
                0x000000000000005a       0x5e Middlewares/ST/ARM/DSP/Lib/iar_cortexM4lf_math.a(arm_cfft_radix4_init_f32.o)
 .debug_macinfo
                0x00000000000000b8       0x5a Middlewares/ST/ARM/DSP/Lib/iar_cortexM4lf_math.a(arm_cmplx_mag_f32.o)
 .debug_macinfo
                0x0000000000000112       0x5e Middlewares/ST/ARM/DSP/Lib/iar_cortexM4lf_math.a(arm_common_tables.o)
 .debug_macinfo
                0x0000000000000170       0x5e Middlewares/ST/ARM/DSP/Lib/iar_cortexM4lf_math.a(arm_bitreversal.o)

Cross Reference Table

Symbol                                            File
ADC_IRQHandler                                    build/startup_stm32f401xc.o
AHBPrescTable                                     build/system_stm32f4xx.o
                                                  build/stm32f4xx_hal_rcc.o
APBPrescTable                                     build/system_stm32f4xx.o
                                                  build/stm32f4xx_hal_rcc.o
AdcfilterValue                                    build/AdcDataHandle.o
BusFault_Handler                                  build/stm32f4xx_it.o
DMA1_Stream0_IRQHandler                           build/startup_stm32f401xc.o
DMA1_Stream1_IRQHandler                           build/startup_stm32f401xc.o
DMA1_Stream2_IRQHandler                           build/startup_stm32f401xc.o
DMA1_Stream3_IRQHandler                           build/startup_stm32f401xc.o
DMA1_Stream4_IRQHandler                           build/startup_stm32f401xc.o
DMA1_Stream5_IRQHandler                           build/startup_stm32f401xc.o
DMA1_Stream6_IRQHandler                           build/startup_stm32f401xc.o
DMA1_Stream7_IRQHandler                           build/startup_stm32f401xc.o
DMA2_Stream0_IRQHandler                           build/stm32f4xx_it.o
DMA2_Stream1_IRQHandler                           build/startup_stm32f401xc.o
DMA2_Stream2_IRQHandler                           build/startup_stm32f401xc.o
DMA2_Stream3_IRQHandler                           build/startup_stm32f401xc.o
DMA2_Stream4_IRQHandler                           build/startup_stm32f401xc.o
DMA2_Stream5_IRQHandler                           build/startup_stm32f401xc.o
DMA2_Stream6_IRQHandler                           build/startup_stm32f401xc.o
DMA2_Stream7_IRQHandler                           build/startup_stm32f401xc.o
DebugMon_Handler                                  build/stm32f4xx_it.o
Default_Handler                                   build/startup_stm32f401xc.o
EXTI0_IRQHandler                                  build/startup_stm32f401xc.o
EXTI15_10_IRQHandler                              build/startup_stm32f401xc.o
EXTI1_IRQHandler                                  build/startup_stm32f401xc.o
EXTI2_IRQHandler                                  build/startup_stm32f401xc.o
EXTI3_IRQHandler                                  build/startup_stm32f401xc.o
EXTI4_IRQHandler                                  build/startup_stm32f401xc.o
EXTI9_5_IRQHandler                                build/startup_stm32f401xc.o
Error_Handler                                     build/main.o
                                                  build/tim.o
                                                  build/adc.o
FLASH_Erase_Sector                                build/stm32f4xx_hal_flash_ex.o
                                                  build/stm32f4xx_hal_flash.o
FLASH_FlushCaches                                 build/stm32f4xx_hal_flash_ex.o
                                                  build/stm32f4xx_hal_flash.o
FLASH_IRQHandler                                  build/startup_stm32f401xc.o
FLASH_WaitForLastOperation                        build/stm32f4xx_hal_flash.o
                                                  build/stm32f4xx_hal_flash_ex.o
FPU_IRQHandler                                    build/startup_stm32f401xc.o
GetAdcFilterValue                                 build/AdcDataHandle.o
GetPhotoSensorAdcStruct                           build/PhotoSensor.o
                                                  build/AdcDataHandle.o
HAL_ADCEx_InjectedConfigChannel                   build/stm32f4xx_hal_adc_ex.o
                                                  build/adc.o
HAL_ADCEx_InjectedConvCpltCallback                build/stm32f4xx_hal_adc_ex.o
                                                  build/stm32f4xx_hal_adc.o
HAL_ADCEx_InjectedGetValue                        build/stm32f4xx_hal_adc_ex.o
HAL_ADCEx_InjectedPollForConversion               build/stm32f4xx_hal_adc_ex.o
HAL_ADCEx_InjectedStart                           build/stm32f4xx_hal_adc_ex.o
HAL_ADCEx_InjectedStart_IT                        build/stm32f4xx_hal_adc_ex.o
HAL_ADCEx_InjectedStop                            build/stm32f4xx_hal_adc_ex.o
HAL_ADCEx_InjectedStop_IT                         build/stm32f4xx_hal_adc_ex.o
HAL_ADCEx_MultiModeConfigChannel                  build/stm32f4xx_hal_adc_ex.o
HAL_ADCEx_MultiModeGetValue                       build/stm32f4xx_hal_adc_ex.o
HAL_ADCEx_MultiModeStart_DMA                      build/stm32f4xx_hal_adc_ex.o
HAL_ADCEx_MultiModeStop_DMA                       build/stm32f4xx_hal_adc_ex.o
HAL_ADC_AnalogWDGConfig                           build/stm32f4xx_hal_adc.o
HAL_ADC_ConfigChannel                             build/stm32f4xx_hal_adc.o
                                                  build/adc.o
HAL_ADC_ConvCpltCallback                          build/stm32f4xx_hal_adc.o
                                                  build/stm32f4xx_hal_adc_ex.o
HAL_ADC_ConvHalfCpltCallback                      build/AdcDataHandle.o
                                                  build/stm32f4xx_hal_adc.o
                                                  build/stm32f4xx_hal_adc_ex.o
HAL_ADC_DeInit                                    build/stm32f4xx_hal_adc.o
HAL_ADC_ErrorCallback                             build/stm32f4xx_hal_adc.o
                                                  build/stm32f4xx_hal_adc_ex.o
HAL_ADC_GetError                                  build/stm32f4xx_hal_adc.o
HAL_ADC_GetState                                  build/stm32f4xx_hal_adc.o
HAL_ADC_GetValue                                  build/stm32f4xx_hal_adc.o
HAL_ADC_IRQHandler                                build/stm32f4xx_hal_adc.o
HAL_ADC_Init                                      build/stm32f4xx_hal_adc.o
                                                  build/adc.o
HAL_ADC_LevelOutOfWindowCallback                  build/stm32f4xx_hal_adc.o
HAL_ADC_MspDeInit                                 build/adc.o
HAL_ADC_MspInit                                   build/adc.o
HAL_ADC_PollForConversion                         build/stm32f4xx_hal_adc.o
HAL_ADC_PollForEvent                              build/stm32f4xx_hal_adc.o
HAL_ADC_Start                                     build/stm32f4xx_hal_adc.o
HAL_ADC_Start_DMA                                 build/stm32f4xx_hal_adc.o
                                                  build/PhotoSensor.o
HAL_ADC_Start_IT                                  build/stm32f4xx_hal_adc.o
HAL_ADC_Stop                                      build/stm32f4xx_hal_adc.o
HAL_ADC_Stop_DMA                                  build/stm32f4xx_hal_adc.o
                                                  build/AdcDataHandle.o
                                                  build/PhotoSensor.o
HAL_ADC_Stop_IT                                   build/stm32f4xx_hal_adc.o
HAL_DBGMCU_DisableDBGSleepMode                    build/stm32f4xx_hal.o
HAL_DBGMCU_DisableDBGStandbyMode                  build/stm32f4xx_hal.o
HAL_DBGMCU_DisableDBGStopMode                     build/stm32f4xx_hal.o
HAL_DBGMCU_EnableDBGSleepMode                     build/stm32f4xx_hal.o
HAL_DBGMCU_EnableDBGStandbyMode                   build/stm32f4xx_hal.o
HAL_DBGMCU_EnableDBGStopMode                      build/stm32f4xx_hal.o
HAL_DMAEx_ChangeMemory                            build/stm32f4xx_hal_dma_ex.o
HAL_DMAEx_MultiBufferStart                        build/stm32f4xx_hal_dma_ex.o
HAL_DMAEx_MultiBufferStart_IT                     build/stm32f4xx_hal_dma_ex.o
HAL_DMA_Abort                                     build/stm32f4xx_hal_dma.o
                                                  build/stm32f4xx_hal_adc_ex.o
                                                  build/stm32f4xx_hal_adc.o
HAL_DMA_Abort_IT                                  build/stm32f4xx_hal_dma.o
                                                  build/stm32f4xx_hal_tim_ex.o
                                                  build/stm32f4xx_hal_tim.o
HAL_DMA_DeInit                                    build/stm32f4xx_hal_dma.o
                                                  build/adc.o
HAL_DMA_GetError                                  build/stm32f4xx_hal_dma.o
HAL_DMA_GetState                                  build/stm32f4xx_hal_dma.o
HAL_DMA_IRQHandler                                build/stm32f4xx_hal_dma.o